{"synthetic": false,
 "schemaVersion": "2025-09-10",
 "outputs": "ef69c0407c58493d",
 "log":
 [{"message":
   ".> MACOSX_DEPLOYMENT_TARGET=99.0 /Users/anuna-01/.elan/toolchains/leanprover--lean4---v4.27.0/bin/clang -o /Users/anuna-01/Code/worktrees/cbcl-rs/IMPL-005-store-lattice-v1/lean-cbcl/.lake/build/bin/cbcl-parse /Users/anuna-01/Code/worktrees/cbcl-rs/IMPL-005-store-lattice-v1/lean-cbcl/.lake/build/ir/Main.c.o.export /Users/anuna-01/Code/worktrees/cbcl-rs/IMPL-005-store-lattice-v1/lean-cbcl/.lake/build/ir/LeanCbcl/SExpr.c.o.export /Users/anuna-01/Code/worktrees/cbcl-rs/IMPL-005-store-lattice-v1/lean-cbcl/.lake/build/ir/LeanCbcl/Message.c.o.export /Users/anuna-01/Code/worktrees/cbcl-rs/IMPL-005-store-lattice-v1/lean-cbcl/.lake/build/ir/LeanCbcl/Dialect.c.o.export /Users/anuna-01/Code/worktrees/cbcl-rs/IMPL-005-store-lattice-v1/lean-cbcl/.lake/build/ir/LeanCbcl/Agent.c.o.export /Users/anuna-01/Code/worktrees/cbcl-rs/IMPL-005-store-lattice-v1/lean-cbcl/.lake/build/ir/LeanCbcl/Parser.c.o.export /Users/anuna-01/Code/worktrees/cbcl-rs/IMPL-005-store-lattice-v1/lean-cbcl/.lake/build/ir/LeanCbcl/Serializer.c.o.export /Users/anuna-01/Code/worktrees/cbcl-rs/IMPL-005-store-lattice-v1/lean-cbcl/.lake/build/ir/LeanCbcl/MessageParser.c.o.export /Users/anuna-01/Code/worktrees/cbcl-rs/IMPL-005-store-lattice-v1/lean-cbcl/.lake/build/ir/LeanCbcl/PatternMatch.c.o.export /Users/anuna-01/Code/worktrees/cbcl-rs/IMPL-005-store-lattice-v1/lean-cbcl/.lake/build/ir/LeanCbcl/DialectParser.c.o.export /Users/anuna-01/Code/worktrees/cbcl-rs/IMPL-005-store-lattice-v1/lean-cbcl/.lake/build/ir/LeanCbcl/R1NoRecursion.c.o.export /Users/anuna-01/Code/worktrees/cbcl-rs/IMPL-005-store-lattice-v1/lean-cbcl/.lake/build/ir/LeanCbcl/R2ResourceBounds.c.o.export /Users/anuna-01/Code/worktrees/cbcl-rs/IMPL-005-store-lattice-v1/lean-cbcl/.lake/build/ir/LeanCbcl/R3CorePreservation.c.o.export /Users/anuna-01/Code/worktrees/cbcl-rs/IMPL-005-store-lattice-v1/lean-cbcl/.lake/build/ir/LeanCbcl/Pipeline.c.o.export -L /Users/anuna-01/.elan/toolchains/leanprover--lean4---v4.27.0/lib/lean --sysroot /Users/anuna-01/.elan/toolchains/leanprover--lean4---v4.27.0 -L /Users/anuna-01/.elan/toolchains/leanprover--lean4---v4.27.0/lib -L /Users/anuna-01/.elan/toolchains/leanprover--lean4---v4.27.0/lib/libc -fuse-ld=lld -lleancpp -lInit -lStd -lLean -lleanrt -lc++ -lLake -lgmp -luv",
   "level": "trace"}],
 "inputs":
 [["linkObjs",
   [["/Users/anuna-01/Code/worktrees/cbcl-rs/IMPL-005-store-lattice-v1/lean-cbcl/.lake/build/ir/Main.c.o.export",
     "3b702cec91abbf4b"],
    ["/Users/anuna-01/Code/worktrees/cbcl-rs/IMPL-005-store-lattice-v1/lean-cbcl/.lake/build/ir/LeanCbcl/SExpr.c.o.export",
     "0c273f462d7ef701"],
    ["/Users/anuna-01/Code/worktrees/cbcl-rs/IMPL-005-store-lattice-v1/lean-cbcl/.lake/build/ir/LeanCbcl/Message.c.o.export",
     "83f56d1c628691fc"],
    ["/Users/anuna-01/Code/worktrees/cbcl-rs/IMPL-005-store-lattice-v1/lean-cbcl/.lake/build/ir/LeanCbcl/Dialect.c.o.export",
     "b5f16317da7a8ce6"],
    ["/Users/anuna-01/Code/worktrees/cbcl-rs/IMPL-005-store-lattice-v1/lean-cbcl/.lake/build/ir/LeanCbcl/Agent.c.o.export",
     "abb4cad2f82a2ebe"],
    ["/Users/anuna-01/Code/worktrees/cbcl-rs/IMPL-005-store-lattice-v1/lean-cbcl/.lake/build/ir/LeanCbcl/Parser.c.o.export",
     "72ab7398ce8e70b2"],
    ["/Users/anuna-01/Code/worktrees/cbcl-rs/IMPL-005-store-lattice-v1/lean-cbcl/.lake/build/ir/LeanCbcl/Serializer.c.o.export",
     "1c1b3d06f366da3e"],
    ["/Users/anuna-01/Code/worktrees/cbcl-rs/IMPL-005-store-lattice-v1/lean-cbcl/.lake/build/ir/LeanCbcl/MessageParser.c.o.export",
     "b74afa205eaf02ce"],
    ["/Users/anuna-01/Code/worktrees/cbcl-rs/IMPL-005-store-lattice-v1/lean-cbcl/.lake/build/ir/LeanCbcl/PatternMatch.c.o.export",
     "392ec6d7f2b69dfa"],
    ["/Users/anuna-01/Code/worktrees/cbcl-rs/IMPL-005-store-lattice-v1/lean-cbcl/.lake/build/ir/LeanCbcl/DialectParser.c.o.export",
     "efd94078d7dcc55b"],
    ["/Users/anuna-01/Code/worktrees/cbcl-rs/IMPL-005-store-lattice-v1/lean-cbcl/.lake/build/ir/LeanCbcl/R1NoRecursion.c.o.export",
     "8d4c7dccf1ceb630"],
    ["/Users/anuna-01/Code/worktrees/cbcl-rs/IMPL-005-store-lattice-v1/lean-cbcl/.lake/build/ir/LeanCbcl/R2ResourceBounds.c.o.export",
     "27315e605de2ac2a"],
    ["/Users/anuna-01/Code/worktrees/cbcl-rs/IMPL-005-store-lattice-v1/lean-cbcl/.lake/build/ir/LeanCbcl/R3CorePreservation.c.o.export",
     "033e29b5e0395a5d"],
    ["/Users/anuna-01/Code/worktrees/cbcl-rs/IMPL-005-store-lattice-v1/lean-cbcl/.lake/build/ir/LeanCbcl/Pipeline.c.o.export",
     "ac801a895e5de824"]]],
  ["linkLibs", "00000000000006bb"],
  ["Lean 4.27.0, commit db93fe1608548721853390a10cd40580fe7d22ae",
   "9a2be90fd35343e5"],
  ["traceArgs: #[]", "00000000000006bb"],
  ["arm64-apple-darwin24.6.0", "77c16133d139df5a"]],
 "depHash": "201ed67ae31a6065"}