== cargo build -p cbcl-erl --release
   Compiling cbcl-erl v0.1.0 (<worktree>/crates/cbcl-erl)
warning: cbcl-erl@0.1.0: cbcl-erl: macOS produces libcbcl_erl.dylib but erlang:load_nif/2 expects libcbcl_erl.so — run crates/cbcl-erl/scripts/install-mac-nif.sh after build, or set CBCL_ERL_SUPPRESS_MACOS_WARNING=1 to silence.
    Finished `release` profile [optimized] target(s) in 0.75s
== install-mac-nif.sh release
install-mac-nif.sh: <worktree>/target/release/libcbcl_erl.so (copy)
== compile and load <worktree>/crates/cbcl-erl/erlang/cbcl_erl.erl
ok    versions/0
ok    verify_dialect/1 accepts lunch-vote
ok    verify_dialect/1 rejects garbage
ok    parse_message/1
ok    parse_message/1 rejects garbage
ok    parse_message_lax/1
ok    fold/1
ok    fold/1 malformed
ok    intend/1
ok    intend/1 rejects an out-of-domain choice
ok    intend/1 malformed
ok    verify_state_shape/1
ok    verify_state_shape/1 blames an undeclared field
ok    verify_state_shape/1 malformed
ok    state_schema/1
ok    state_schema/1 malformed
ok    may_send/1
ok    may_send/1 malformed
ok    frontier/1
ok    frontier/1 malformed
ok    dialect_hash/1
ok    dialect_hash/1 malformed
ok    admit/1 holds an orphan pending
ok    admit/1 rejects an undeclared field
ok    admit/1 malformed
ok    verify_message_shape/1 accepts a well-shaped vote
ok    verify_message_shape/1 blames an ill-typed field
ok    compile_contract/1 compiles a contract to a self-addressed dialect
ok    compile_contract/1 refuses a malformed contract
ok    define_text/1 unwraps a teach frame
ok    describe_dialect/1 names the opener
ok    read_act/1 reads routing and fields
ok    read_act/1 malformed
ok    read/1 returns the parser's tree
ok    read/1 malformed
ok    read/1 accepts nesting at the limit (256)
ok    read/1 refuses nesting past the limit
ok    parse_message/1 refuses 1,000,000 levels, twice
ok    parse_message/1 encodes a frame at the limit
ok    parse_message_lax/1 refuses past the limit
ok    parse_message/1 still works after the refusals
ok    invalid utf-8 is a reason, not a crash

42 checks, 0 failed
exit=0
