== SKIP_BUILD set; using target/release as is
== compile and load /private/tmp/cbcl-base/crates/cbcl-erl/erlang/cbcl_erl.erl
ok    versions/0
ok    verify_dialect/1 accepts lunch-vote
ok    verify_dialect/1 rejects garbage
ok    parse_message/1
ok    parse_message/1 rejects garbage
ok    parse_message_lax/1
ok    fold/1
ok    fold/1 malformed
ok    intend/1
ok    intend/1 rejects an out-of-domain choice
ok    intend/1 malformed
ok    verify_state_shape/1
ok    verify_state_shape/1 blames an undeclared field
ok    verify_state_shape/1 malformed
ok    state_schema/1
ok    state_schema/1 malformed
ok    may_send/1
ok    may_send/1 malformed
ok    frontier/1
ok    frontier/1 malformed
ok    dialect_hash/1
ok    dialect_hash/1 malformed
ok    admit/1 holds an orphan pending
ok    admit/1 rejects an undeclared field
ok    admit/1 malformed
ok    verify_message_shape/1 accepts a well-shaped vote
ok    verify_message_shape/1 blames an ill-typed field
ok    compile_contract/1 compiles a contract to a self-addressed dialect
ok    compile_contract/1 refuses a malformed contract
ok    define_text/1 unwraps a teach frame
ok    describe_dialect/1 names the opener
ok    read_act/1 reads routing and fields
ok    read_act/1 malformed
ok    read/1 returns the parser's tree
ok    read/1 malformed
ok    read/1 accepts nesting at the limit (256)
FAIL  read/1 refuses nesting past the limit
      got {ok,<<"[[[[[[[[[[[[[[[[[[[[[[[[[[[[[[[[[[[[[[[[[[[[[[[[[[[[[[[[[[[[[[[[[[[[[[[[[[[[[[[[[[[[[[[[[[[[[[[[[[[[[[[[[[[[[[[[[[[[[[[[[[[[[[[[[[[[[[[[[[[[[[[[[[[[[[[[[[[[[[[[[[[[[[[[[[[[[[[[[[[[[[[[[[[[[[[[[[[[[[[[[[[[[[[[[[[[[[[[[[[[[[[[[[[[[[[[[[[[[[[[[[[[[[[[[[[[[[[[[]]]]]]]]]]]]]]]]]]]]]]]]]]]]]]]]]]]]]]]]]]]]]]]]]]]]]]]]]]]]]]]]]]]]]]]]]]]]]]]]]]]]]]]]]]]]]]]]]]]]]]]]]]]]]]]]]]]]]]]]]]]]]]]]]]]]]]]]]]]]]]]]]]]]]]]]]]]]]]]]]]]]]]]]]]]]]]]]]]]]]]]]]]]]]]]]]]]]]]]]]]]]]]]]]]]]]]]]]]]]]]]]]]]]]]]]]]]]]]]]]]]]]]]]]]]]]]]]]">>}
exit=138
