{"synthetic": false,
 "schemaVersion": "2025-09-10",
 "outputs":
 {"o": ["ce1e61fd35a3bcc6.olean"],
  "i": "a7d35143d999788e.ilean",
  "c": "e5b5060e8b9cf01c.c"},
 "log":
 [{"message":
   ".> LEAN_PATH=/Users/anuna-01/Code/worktrees/cbcl-rs/IMPL-005-verify-eventual-consistency-v1/lean-cbcl/.lake/build/lib/lean /Users/anuna-01/.elan/toolchains/leanprover--lean4---v4.27.0/bin/lean /Users/anuna-01/Code/worktrees/cbcl-rs/IMPL-005-verify-eventual-consistency-v1/lean-cbcl/LeanCbcl.lean -o /Users/anuna-01/Code/worktrees/cbcl-rs/IMPL-005-verify-eventual-consistency-v1/lean-cbcl/.lake/build/lib/lean/LeanCbcl.olean -i /Users/anuna-01/Code/worktrees/cbcl-rs/IMPL-005-verify-eventual-consistency-v1/lean-cbcl/.lake/build/lib/lean/LeanCbcl.ilean -c /Users/anuna-01/Code/worktrees/cbcl-rs/IMPL-005-verify-eventual-consistency-v1/lean-cbcl/.lake/build/ir/LeanCbcl.c --setup /Users/anuna-01/Code/worktrees/cbcl-rs/IMPL-005-verify-eventual-consistency-v1/lean-cbcl/.lake/build/ir/LeanCbcl.setup.json --json",
   "level": "trace"}],
 "inputs":
 [["LeanCbcl:deps",
   [["deps",
     [["«lean-cbcl»/LeanCbcl:extraDep",
       [["@«lean-cbcl»:extraDep", "00000000000006bb"]]],
      ["imports",
       [["LeanCbcl.SExpr transitive imports (legacy)", "00000000000006bb"],
        ["LeanCbcl.SExpr:importAllArts", "6c638a72099ce47a"],
        ["LeanCbcl.Message transitive imports (legacy)", "7877710d5e966e60"],
        ["LeanCbcl.Message:importAllArts", "e0d8c6bcd7ca2e07"],
        ["LeanCbcl.Dialect transitive imports (legacy)", "44934cd28904aebf"],
        ["LeanCbcl.Dialect:importAllArts", "05608596f59887d3"],
        ["LeanCbcl.Agent transitive imports (legacy)", "8710a822f5fb9cb4"],
        ["LeanCbcl.Agent:importAllArts", "84326ecd8f250aa2"],
        ["LeanCbcl.Parser transitive imports (legacy)", "7877710d5e966e60"],
        ["LeanCbcl.Parser:importAllArts", "59d470081575e3f2"],
        ["LeanCbcl.Serializer transitive imports (legacy)", "7020acb082cd65b6"],
        ["LeanCbcl.Serializer:importAllArts", "bb588d4ea3bb770c"],
        ["LeanCbcl.MessageParser transitive imports (legacy)",
         "a1ee940e98f7cf31"],
        ["LeanCbcl.MessageParser:importAllArts", "21c4bb35ccec1e57"],
        ["LeanCbcl.PatternMatch transitive imports (legacy)",
         "44934cd28904aebf"],
        ["LeanCbcl.PatternMatch:importAllArts", "3e06dede2a871a2d"],
        ["LeanCbcl.DialectParser transitive imports (legacy)",
         "d78743a4ba15fd58"],
        ["LeanCbcl.DialectParser:importAllArts", "f47593fdb4115703"],
        ["LeanCbcl.R1NoRecursion transitive imports (legacy)",
         "d78743a4ba15fd58"],
        ["LeanCbcl.R1NoRecursion:importAllArts", "f38daf9e6d8f3f01"],
        ["LeanCbcl.R2ResourceBounds transitive imports (legacy)",
         "d78743a4ba15fd58"],
        ["LeanCbcl.R2ResourceBounds:importAllArts", "f7516506277e86fb"],
        ["LeanCbcl.R3CorePreservation transitive imports (legacy)",
         "b1498556b7cb42a7"],
        ["LeanCbcl.R3CorePreservation:importAllArts", "40bb77346f8bcf3d"],
        ["LeanCbcl.Pipeline transitive imports (legacy)", "5328b51c7ffe7cd1"],
        ["LeanCbcl.Pipeline:importAllArts", "ada4f3926aff8366"],
        ["LeanCbcl.TemplateExpansion transitive imports (legacy)",
         "f2ce412f8fb636ff"],
        ["LeanCbcl.TemplateExpansion:importAllArts", "ff312a44e9428035"],
        ["LeanCbcl.DetParser transitive imports (legacy)", "7877710d5e966e60"],
        ["LeanCbcl.DetParser:importAllArts", "786dc6cd7bf015ba"],
        ["LeanCbcl.DeterministicUnion transitive imports (legacy)",
         "352395f6324f15cb"],
        ["LeanCbcl.DeterministicUnion:importAllArts", "a5d29e24c6f5f4fa"],
        ["LeanCbcl.Lattice.Store transitive imports (legacy)",
         "372c99b1c77e148c"],
        ["LeanCbcl.Lattice.Store:importAllArts", "06a50ecec824f447"],
        ["LeanCbcl.Lattice.Result transitive imports (legacy)",
         "00000000000006bb"],
        ["LeanCbcl.Lattice.Result:importAllArts", "1f8f52ed21c6d45e"],
        ["LeanCbcl.DCFLPreservation transitive imports (legacy)",
         "5f43b215bd9d8aec"],
        ["LeanCbcl.DCFLPreservation:importAllArts", "11cb7f619523d95d"],
        ["LeanCbcl.Verify transitive imports (legacy)", "6d8f08339dae3887"],
        ["LeanCbcl.Verify:importAllArts", "129dc28570dd649c"],
        ["LeanCbcl.R5 transitive imports (legacy)", "4188824c52653a44"],
        ["LeanCbcl.R5:importAllArts", "69e9d012443f3af4"]]]]],
    ["libs",
     [["import dynlibs", "00000000000006bb"],
      ["package external libraries", "00000000000006bb"],
      ["module dynlibs", "00000000000006bb"],
      ["module plugins", "00000000000006bb"]]]]],
  ["Lean 4.27.0, commit db93fe1608548721853390a10cd40580fe7d22ae",
   "9a2be90fd35343e5"],
  ["/Users/anuna-01/Code/worktrees/cbcl-rs/IMPL-005-verify-eventual-consistency-v1/lean-cbcl/LeanCbcl.lean",
   "876b13bd1dbf27b6"],
  ["options", "00000000000006bb"],
  ["Module.leanArgs: #[]", "00000000000006bb"]],
 "depHash": "1e9290e7d29f9171"}