   Compiling cbcl-core v0.1.0 (/Users/anuna-01/Code/cbcl-rs/crates/cbcl-core)
    Finished `test` profile [unoptimized + debuginfo] target(s) in 4.04s
     Running unittests src/lib.rs (target/debug/deps/cbcl_core-32d50b862b0360d8)

running 867 tests
test agent::tests::add_duplicate_belief ... ok
test agent::tests::absent_thread_returns_none ... ok
test agent::tests::add_and_check_belief ... ok
test agent::tests::agent_disjunction_reevaluate_keeps_buffered_when_one_protocol_unknown ... ok
test agent::tests::agent_disjunction_accepts_when_one_protocol_accepts_other_rejects ... ok
test agent::tests::agent_clone_shares_clock_via_arc ... ok
test agent::tests::agent_buffers_unknown_predecessor_under_buffer_policy ... ok
test agent::tests::agent_accepts_when_predecessor_is_present ... ok
test agent::tests::agent_conjunction_rejects_same_setup_disjunction_accepts ... ok
test agent::tests::agent_default_buffered_entries_never_expire ... ok
test agent::tests::agent_buffers_provisional_violation_until_resolution ... ok
test agent::tests::agent_rejects_missing_caused_by_when_protocol_requires_predecessor ... ok
test agent::tests::agent_rejects_unknown_predecessor_under_default_policy ... ok
test agent::tests::agent_enforces_child_protocol_on_core_performative ... ok
test agent::tests::agent_evaluate_and_apply_at_respects_ttl ... ok
test agent::tests::agent_gates_provisional_violation_as_pending_until_resolution ... ok
test agent::tests::agent_lang_scoped_message_does_not_bypass_causal ... ok
test agent::tests::agent_still_rejects_resolved_violation_immediately ... ok
test agent::tests::agent_uses_injected_clock_for_buffer_timestamps ... ok
test agent::tests::agent_reevaluate_does_not_accept_via_unrelated_protocol ... ok
test agent::tests::append_to_thread_creates_thread ... ok
test agent::tests::agent_wrapped_message_does_not_bypass_causal ... ok
test agent::tests::append_to_thread_accumulates ... ok
test agent::tests::dialects_defining_finds_custom ... ok
test agent::tests::evaluate_and_apply_no_thread_no_tracking ... ok
test agent::tests::enqueue_dequeue_fifo ... ok
test agent::tests::evaluate_and_apply_tracks_thread ... ok
test agent::tests::evaluate_and_apply_stores_belief_on_tell ... ok
test agent::tests::dialects_defining_reports_every_definer ... ok
test agent::tests::install_bad_dialect_rejected ... ok
test agent::tests::install_dialect_preserves_well_formedness ... ok
test agent::tests::merge_disjunctive_result_violation_only_when_no_hope ... ok
test agent::tests::merge_disjunctive_result_unknown_outranks_violation ... ok
test agent::tests::merge_disjunctive_result_valid_absorbs ... ok
test agent::tests::merge_policy_default_is_conjunction ... ok
test agent::tests::multiple_threads ... ok
test agent::tests::new_agent_has_empty_threads ... ok
test agent::tests::remove_absent_belief ... ok
test agent::tests::new_agent_has_base_dialect ... ok
test agent::tests::new_agent_has_empty_beliefs ... ok
test agent::tests::new_agent_has_empty_message_queue ... ok
test agent::tests::new_agent_is_well_formed ... ok
test agent::tests::remove_belief ... ok
test agent::tests::step_processes_queued_message ... ok
test agent::tests::step_returns_none_on_empty_queue ... ok
test agent::tests::with_merge_policy_sets_disjunction ... ok
test agent::tests::resolution_with_legal_type_still_rejects_multi_hash_any_reference ... ok
test attest::tests::alias_key_spellings_reconstruct_identical_preimage ... ok
test attest::tests::caused_by_forms_encode_distinctly ... ok
test attest::tests::discipline_marker_roundtrip_and_unknown_rejection ... ok
test attest::tests::ed25519_sig_only_verifies_against_ed25519_attestation ... ok
test attest::tests::hash_substitution_fails ... ok
test attest::tests::preimage_is_deterministic_across_reconstruction ... ok
test attest::tests::header_field_tampering_fails ... ok
test attest::tests::key_substitution_fails ... ok
test attest::tests::preimage_is_domain_tagged_and_names_the_suite ... ok
test attest::tests::unknown_suite_is_typed_rejection_not_pass_not_panic ... ok
test attest::tests::v1_path_still_verifies_full_bytes ... ok
test attest::tests::v1_signature_never_satisfies_v2_call ... ok
test attest::tests::v2_path_dispatches_through_discipline ... ok
test attest::tests::v2_signature_never_satisfies_v1_call ... ok
test attest::tests::v2_signature_never_satisfies_v3_call ... ok
test attest::tests::v3_path_dispatches_through_discipline ... ok
test attest::tests::v3_preimage_is_domain_tagged_and_names_the_suite ... ok
test attest::tests::v3_signature_never_satisfies_v1_call ... ok
test attest::tests::v3_signature_never_satisfies_v2_call ... ok
test attest::tests::v3_suite_is_committed_to_preimage ... ok
test attest::tests::v3_unknown_suite_is_typed_rejection ... ok
test attest::tests::v3_tampered_root_fails ... ok
test attest::tests::v3_verify_succeeds_from_suite_and_root_alone ... ok
test attest::tests::v3_wrong_key_fails ... ok
test attest::tests::verify_succeeds_from_header_alone ... ok
test blame::tests::blame_entry_to_sexpr_with_evidence ... ok
test blame::tests::blame_entry_to_sexpr_without_evidence ... ok
test blame::tests::blame_party_as_str ... ok
test blame::tests::blame_party_copy_and_eq ... ok
test blame::tests::blame_party_display ... ok
test blame::tests::from_causal_violation_blames_sender ... ok
test blame::tests::from_causal_violation_invalid_predecessor ... ok
test blame::tests::from_causal_violation_unknown_predecessor ... ok
test blame::tests::from_r5_violation_blames_author_and_installer ... ok
test blame::tests::from_shape_violation_blames_sender ... ok
test blame::tests::from_unsatisfiable_shape_blames_dialect_author ... ok
test blame::tests::record_metrics_does_not_panic_causal ... ok
test blame::tests::record_metrics_does_not_panic_r5 ... ok
test blame::tests::record_metrics_does_not_panic_shape ... ok
test blame::tests::to_sexpr_causal_includes_caused_by ... ok
test blame::tests::to_sexpr_causal_invalid_predecessor_includes_caused_by ... ok
test blame::tests::to_sexpr_field_emits_keyword_atom ... ok
test blame::tests::to_sexpr_r5_violation ... ok
test blame::tests::to_sexpr_matches_req233_abnf ... ok
test blame::tests::to_sexpr_r5_violation_matches_abnf ... ok
test blame::tests::to_sexpr_unsatisfiable_shape_blames_dialect_author ... ok
test blame::tests::to_sexpr_shape_violation ... ok
test blame::tests::to_sexpr_without_optional_fields ... ok
test blame::tests::verify_blame_causal ... ok
test blame::tests::verify_blame_causal_without_sender_returns_false ... ok
test blame::tests::verify_blame_r5 ... ok
test blame::tests::verify_blame_r5_without_author_returns_false ... ok
test blame::tests::verify_blame_shape_with_passing_evidence_returns_false ... ok
test blame::tests::verify_blame_shape_with_valid_evidence ... ok
test blame::tests::verify_blame_shape_without_constraint_returns_false ... ok
test blame::tests::verify_blame_shape_without_evidence_returns_false ... ok
test blame::tests::violation_error_display ... ok
test blame::tests::violation_error_clone_and_eq ... ok
test blame::tests::violation_kind_as_str ... ok
test blame::tests::violation_kind_display ... ok
test blame::tests::with_dialect_context_handles_optional_fields ... ok
test blame::tests::with_dialect_context_sets_all_fields ... ok
test blame::tests::with_message_hash_sets_message_hash ... ok
test blame::tests::with_recipient_sets_recipient ... ok
test blame::tests::with_thread_id_sets_thread_id_but_does_not_emit ... ok
test blame::tests::with_verifier_sets_verifier ... ok
test canonical::tests::atom_mapping_injective ... ok
test canonical::tests::atom_octets_bool_false ... ok
test canonical::tests::atom_octets_bool_true ... ok
test canonical::tests::atom_octets_keyword_with_hyphen ... ok
test canonical::tests::atom_octets_keyword ... ok
test canonical::tests::atom_octets_num_max ... ok
test canonical::tests::atom_octets_num_min ... ok
test canonical::tests::atom_octets_num_positive ... ok
test canonical::tests::atom_octets_num_zero ... ok
test canonical::tests::atom_octets_num_negative ... ok
test canonical::tests::atom_octets_string_empty ... ok
test canonical::tests::atom_octets_symbol ... ok
test canonical::tests::atom_octets_string ... ok
test canonical::tests::atom_octets_symbol_empty ... ok
test canonical::tests::atom_octets_unicode_string ... ok
test canonical::tests::atom_octets_unicode_symbol ... ok
test canonical::tests::canonical_form_version_is_five ... ok
test canonical::tests::dialect_hash_has_sha256_hex64_form ... ok
test canonical::tests::derived_routes_do_not_affect_signable_bytes ... ok
test canonical::tests::encode_bool_false ... ok
test canonical::tests::dialect_hash_is_deterministic ... ok
test canonical::tests::encode_bool_true ... ok
test canonical::tests::encode_deeply_nested ... ok
test canonical::tests::dialect_hash_ignores_integrity_fields ... ok
test canonical::tests::dialect_hash_changes_on_content_change ... ok
test canonical::tests::encode_deterministic ... ok
test canonical::tests::encode_empty_list ... ok
test canonical::tests::encode_keyword ... ok
test canonical::tests::encode_empty_symbol ... ok
test canonical::tests::encode_negative_num ... ok
test canonical::tests::encode_nested_list ... ok
test canonical::tests::encode_no_leading_zeros_in_length ... ok
test canonical::tests::encode_simple_list ... ok
test canonical::tests::encode_num ... ok
test canonical::tests::encode_string ... ok
test canonical::tests::encode_symbol ... ok
test canonical::tests::flipping_to_derive_changes_signable_bytes ... ok
test canonical::tests::hash_and_sign_use_same_canonical_bytes ... ok
test canonical::tests::recipient_set_order_is_canonical ... ok
test canonical::tests::nested_shape_children_appear_in_canonical_bytes ... ok
test canonical::tests::reject_mode_dialect_keeps_v3_bytes ... ok
test canonical::tests::role_free_dialect_has_no_roles_segment ... ok
test canonical::tests::signable_all_optional_fields ... ok
test canonical::tests::signable_base_dialect ... ok
test canonical::tests::signable_changes_when_causal_protocol_changes ... ok
test canonical::tests::signable_changes_when_shapes_change ... ok
test canonical::tests::signable_deterministic ... ok
test canonical::tests::signable_different_performative_order ... ok
test canonical::tests::signable_empty_dialect ... ok
test canonical::tests::signable_excludes_integrity_fields ... ok
test canonical::tests::signable_includes_author ... ok
test canonical::tests::signable_includes_causal_protocol_when_present ... ok
test canonical::tests::signable_includes_name ... ok
test canonical::tests::signable_includes_performatives ... ok
test canonical::tests::signable_includes_shapes_when_non_empty ... ok
test canonical::tests::signable_integrity_fields_dont_affect_output ... ok
test canonical::tests::signable_name_change_changes_bytes ... ok
test canonical::tests::signable_omits_causal_protocol_and_shapes_when_absent ... ok
test canonical::tests::snapshot_dialect_with_protocol_and_shapes ... ok
test canonical::tests::snapshot_legacy_dialect_canonical_bytes ... ok
test canonical::tests::stripping_from_to_changes_signable_bytes ... ok
test canonical::tests::stripping_roles_changes_signable_bytes ... ok
test canonical::tests::test_vector_atom_num_negative_99 ... ok
test canonical::tests::test_vector_atom_symbol_abc ... ok
test canonical::tests::test_vector_bool_pair ... ok
test canonical::tests::test_vector_empty_string ... ok
test canonical::tests::test_vector_keyword_action ... ok
test canonical::tests::test_vector_list_tell_hi ... ok
test canonical::tests::test_vector_nested_effect ... ok
test canonical::tests::test_vector_num_zero ... ok
test dialect::tests::base_dialect_extends_is_empty ... ok
test clock::tests::no_clock_returns_u64_max ... ok
test clock::tests::system_clock_is_recent ... ok
test dialect::tests::base_definer_of_finds_core_performatives ... ok
test dialect::tests::base_dialect_has_8_performatives ... ok
test dialect::tests::base_dialect_resource_bounds_valid ... ok
test dialect::tests::base_dialect_templates_are_effect_forms ... ok
test dialect::tests::base_definer_of_ignores_installed_dialects ... ok
test dialect::tests::cbcl_shorthand_extends_resolves_to_base_at_install ... ok
test dialect::tests::defines_and_find_performative ... ok
test dialect::tests::dialects_defining_reports_every_definer_in_install_order ... ok
test dialect::tests::install_hash_is_stable_across_registries ... ok
test dialect::tests::install_hash_changes_when_performative_renamed ... ok
test dialect::tests::install_hash_of_signed_dialect_keeps_signature_valid ... ok
test dialect::tests::install_populates_canonical_hash ... ok
test dialect::tests::install_preserves_declared_hash ... ok
test dialect::tests::install_with_signer_populates_canonical_hash ... ok
test dialect::tests::mutating_causal_protocol_invalidates_existing_signature ... ok
test dialect::tests::mutating_shapes_invalidates_existing_signature ... ok
test dialect::tests::performative_names ... ok
test dialect::tests::registry_default ... ok
test dialect::tests::r4_violation_display ... ok
test dialect::tests::registry_find_by_name ... ok
test dialect::tests::registry_install_appends ... ok
test dialect::tests::registry_install_rejects_r2_violation ... ok
test dialect::tests::registry_install_rejects_r3_violation ... ok
test dialect::tests::registry_install_rejects_zero_bounds ... ok
test dialect::tests::registry_install_with_signer_accepts_unsigned ... ok
test dialect::tests::registry_install_with_signer_accepts_valid_signature ... ok
test dialect::tests::registry_install_with_signer_still_checks_r1_r2_r3 ... ok
test dialect::tests::registry_install_with_signer_rejects_invalid_signature ... ok
test dialect::tests::registry_is_never_empty ... ok
test dialect::tests::registry_iter ... ok
test dialect::tests::registry_multi_dialect_install ... ok
test dialect::tests::resource_bounds_validation ... ok
test dialect::tests::registry_new_has_base_dialect ... ok
test dialect::tests::signed_dialect_with_shapes_now_installs ... ok
test dialect::tests::signed_dialect_with_causal_protocol_now_installs ... ok
test envelope::tests::envelope_field_tampering_fails_closed ... ok
test envelope::tests::alias_key_spellings_parse_to_one_identity ... ok
test envelope::tests::envelope_key_substitution_fails ... ok
test envelope::tests::extra_fields_are_rejected ... ok
test envelope::tests::envelope_verifies_without_the_payload ... ok
test envelope::tests::forging_an_opened_field_fails_verification ... ok
test envelope::tests::malformed_hash_is_rejected_never_repaired ... ok
test envelope::tests::opened_full_content_reveals_the_payload_leaf ... ok
test envelope::tests::opened_unknown_suite_is_typed_rejection ... ok
test envelope::tests::recipient_bound_is_enforced_structurally ... ok
test envelope::tests::opened_header_seals_the_payload ... ok
test envelope::tests::redaction_is_pure_and_deterministic ... ok
test envelope::tests::redaction_rejects_a_message_missing_committed_fields ... ok
test envelope::tests::redaction_names_the_same_content_hash ... ok
test envelope::tests::opened_header_verifies_and_reads_back ... ok
test envelope::tests::parse_roundtrips_all_caused_by_forms ... ok
test envelope::tests::serialised_envelope_matches_the_grammar_shape ... ok
test envelope::tests::malformed_positions_are_typed_rejections ... ok
test envelope::tests::unknown_suite_is_typed_rejection ... ok
test envelope::tests::v1_signature_never_satisfies_an_envelope ... ok
test envelope::tests::tampered_root_fails_at_the_signature ... ok
test envelope::tests::relay_can_forward_a_genuine_opened_envelope ... ok
test equivocation::tests::alias_key_spellings_cannot_evade_detection ... ok
test equivocation::tests::choice_equivocation_flips_the_predicate ... ok
test envelope::tests::wrong_signer_fails_the_opened_envelope ... ok
test equivocation::tests::alias_spelled_member_still_convicts ... ok
test equivocation::tests::choice_proof_verifies_from_pair_and_dialect_alone ... ok
test equivocation::tests::all_envelope_pair_convicts ... ok
test equivocation::tests::chooser_as_only_common_recipient_still_warns ... ok
test equivocation::tests::compatible_pair_rejected ... ok
test envelope::tests::envelope_size_is_independent_of_payload_size ... ok
test equivocation::tests::dialect_without_protocol_never_detects ... ok
test equivocation::tests::disjoint_recipient_choice_warns ... ok
test equivocation::tests::distinct_keys_are_not_an_equivocating_pair ... ok
test equivocation::tests::flag_off_suppresses_the_lint ... ok
test equivocation::tests::all_opened_pair_convicts ... ok
test equivocation::tests::envelope_member_by_another_key_is_a_key_mismatch ... ok
test equivocation::tests::envelope_member_convicts_without_payload ... ok
test equivocation::tests::members_verdicts_remain_valid ... ok
test equivocation::tests::member_missing_committed_fields_rejected ... ok
test equivocation::tests::forged_pair_different_threads_rejected ... ok
test equivocation::tests::message_content_hash_is_canonical_and_content_sensitive ... ok
test equivocation::tests::forged_pair_different_keys_rejected ... ok
test equivocation::tests::obligation_equivocation_flips_the_predicate ... ok
test equivocation::tests::identical_members_rejected ... ok
test equivocation::tests::mixed_redacted_and_opened_pair_convicts ... ok
test equivocation::tests::predicate_is_monotone_under_store_growth ... ok
test equivocation::tests::obligation_proof_verifies ... ok
test equivocation::tests::predicate_is_thread_scoped ... ok
test equivocation::tests::opened_member_by_another_key_is_a_key_mismatch ... ok
test equivocation::tests::relabelled_envelope_member_fails_at_the_signature ... ok
test equivocation::tests::opened_member_convicts_without_payload ... ok
test equivocation::tests::same_key_suite_variant_is_a_distinct_identity ... ok
test equivocation::tests::sequential_steps_are_compatible_not_equivocation ... ok
test equivocation::tests::shared_recipient_choice_is_lint_clean ... ok
test equivocation::tests::unhashed_dialect_fails_closed ... ok
test equivocation::tests::relabelled_opened_member_fails_at_the_signature ... ok
test equivocation::tests::unannotated_or_incoherent_choices_are_not_this_lints_finding ... ok
test equivocation::tests::tampered_member_signature_dies ... ok
test evaluator::tests::eval_ask_produces_send_query ... ok
test evaluator::tests::eval_bye_produces_announce_departure ... ok
test evaluator::tests::eval_cancel_produces_cancel_conversation ... ok
test evaluator::tests::eval_dialect_message_delegates_to_inner ... ok
test evaluator::tests::eval_custom_performative ... ok
test evaluator::tests::eval_dialect_unknown_dialect_errors ... ok
test evaluator::tests::eval_dialect_message_uses_named_scope_for_custom_performatives ... ok
test evaluator::tests::eval_error_display ... ok
test evaluator::tests::eval_dialect_message_rejects_custom_performative_outside_scope ... ok
test evaluator::tests::eval_hello_produces_announce_presence ... ok
test evaluator::tests::eval_error_produces_signal_error ... ok
test equivocation::tests::wrong_dialect_hash_rejected ... ok
test evaluator::tests::eval_meta_produces_install_dialect ... ok
test evaluator::tests::eval_multicast_tell_fans_out_to_every_recipient ... ok
test evaluator::tests::eval_no_thread_when_absent ... ok
test evaluator::tests::eval_ok_produces_acknowledge ... ok
test evaluator::tests::eval_preserves_thread_id ... ok
test evaluator::tests::eval_reply_produces_send_reply ... ok
test evaluator::tests::eval_tell_produces_send_message_and_store_belief ... ok
test evaluator::tests::eval_unknown_performative_errors ... ok
test evaluator::tests::eval_scoping_resolves_an_otherwise_ambiguous_performative ... ok
test evaluator::tests::eval_wrapped_evaluates_inner ... ok
test evaluator::tests::extract_effect_action_atom ... ok
test evaluator::tests::extract_effect_action_non_effect ... ok
test evaluator::tests::extract_effect_action_valid ... ok
test evaluator::tests::eval_unscoped_custom_performative_is_rejected ... ok
test evaluator::tests::scoped_resolution_preserves_wrapper_scope_and_install_order ... ok
test evaluator::tests::shape_check_no_shapes_passes ... ok
test evaluator::tests::shape_check_fails_when_type_mismatch ... ok
test evaluator::tests::shape_check_max_depth ... ok
test evaluator::tests::shape_violation_display ... ok
test evaluator::tests::shape_conjunction_both_must_pass ... ok
test evaluator::tests::shape_check_passes_when_satisfied ... ok
test gossip::tests::add_agent ... ok
test gossip::tests::announce_dialect_creates_propagation ... ok
test gossip::tests::announce_dialect_duplicate ... ok
test gossip::tests::announce_dialect_unknown_agent ... ok
test gossip::tests::default_config ... ok
test gossip::tests::estimate_convergence_empty_network ... ok
test gossip::tests::estimate_convergence_single_agent ... ok
test gossip::tests::fully_connected_topology ... ok
test gossip::tests::is_connected_empty_network ... ok
test gossip::tests::is_connected_fully_connected ... ok
test gossip::tests::lcg_deterministic ... ok
test gossip::tests::new_network_is_empty ... ok
test gossip::tests::propagation_coverage ... ok
test gossip::tests::lcg_produces_values_in_range ... ok
test gossip::tests::receive_gossip_rejects_r2_violation ... ok
test gossip::tests::receive_gossip_rejects_r3_violation ... ok
test gossip::tests::receive_gossip_valid_dialect ... ok
test gossip::tests::remove_agent ... ok
test gossip::tests::remove_agent_during_propagation ... ok
test gossip::tests::remove_agent_updates_topology ... ok
test gossip::tests::select_peers_all_when_k_large ... ok
test gossip::tests::select_peers_unknown_agent ... ok
test gossip::tests::select_peers_returns_subset ... ok
test gossip::tests::ring_topology ... ok
test gossip::tests::simulate_propagation_unknown_agent ... ok
test gossip::tests::stats_track_success_and_failure ... ok
test gossip::tests::deterministic_with_same_seed ... ok
test gossip::tests::simulate_propagation_converges ... ok
test gossip::tests::step_propagates_dialect ... ok
test gossip::tests::step_respects_max_rounds ... ok
test keyid::tests::alias_spellings_are_one_identity ... ok
test keyid::tests::canonical_spelling_is_suite_explicit ... ok
test keyid::tests::malformed_spellings_are_typed_rejections ... ok
test keyid::tests::name_may_contain_further_colons ... ok
test keyid::tests::omitted_suite_normalises_to_ed25519 ... ok
test keyid::tests::same_name_different_suite_is_distinct ... ok
test keyid::tests::suite_parse_roundtrip ... ok
test message::tests::addresses_in_content_are_fine_when_tagged_or_wrapped ... ok
test message::tests::address_group_in_content_position_is_rejected ... ok
test gossip::tests::simulate_propagation_with_realistic_probability ... ok
test message::tests::caused_by_begin_string ... ok
test message::tests::caused_by_begin_symbol ... ok
test message::tests::caused_by_empty_list_error ... ok
test message::tests::caused_by_extract_hash_deterministic ... ok
test message::tests::caused_by_invalid_type_error ... ok
test message::tests::caused_by_multiple_canonical_sort ... ok
test message::tests::caused_by_multiple_hashes ... ok
test message::tests::caused_by_none_when_absent ... ok
test message::tests::caused_by_roundtrip_begin ... ok
test message::tests::caused_by_roundtrip_multiple_canonicalized ... ok
test message::tests::caused_by_roundtrip_multiple_sorted ... ok
test message::tests::caused_by_roundtrip_single ... ok
test message::tests::caused_by_single_hash ... ok
test message::tests::caused_by_single_hash_string ... ok
test message::tests::caused_by_with_thread_and_sender ... ok
test message::tests::core_performative_names_count ... ok
test message::tests::core_performative_roundtrip ... ok
test message::tests::custom_performative ... ok
test message::tests::dialect_extraction_methods ... ok
test message::tests::dialect_to_sexpr ... ok
test message::tests::empty_list_stays_content_not_recipient ... ok
test message::tests::is_core_performative ... ok
test message::tests::message_parse_error_display ... ok
test message::tests::message_type_classification ... ok
test message::tests::meta_extraction_methods ... ok
test message::tests::meta_to_sexpr ... ok
test message::tests::multicast_recipient_parses_and_roundtrips ... ok
test message::tests::multicast_serialisation_is_canonical_sorted ... ok
test message::tests::non_recipient_list_stays_content ... ok
test message::tests::roundtrip_dialect ... ok
test message::tests::performative_name ... ok
test message::tests::roundtrip_meta ... ok
test message::tests::roundtrip_simple ... ok
test message::tests::roundtrip_wrapped ... ok
test message::tests::simple_extraction_methods ... ok
test message::tests::simple_to_sexpr ... ok
test message::tests::simple_with_thread_to_sexpr ... ok
test message::tests::single_recipient_form_is_unchanged ... ok
test message::tests::try_from_dialect ... ok
test message::tests::try_from_errors ... ok
test message::tests::try_from_meta ... ok
test message::tests::try_from_simple_no_recipient ... ok
test message::tests::try_from_simple_tell ... ok
test message::tests::try_from_simple_with_keyword_params ... ok
test message::tests::try_from_simple_with_thread ... ok
test message::tests::try_from_wrapped_envelope ... ok
test message::tests::try_from_wrapped_signed ... ok
test message::tests::try_from_wrapped_with_limits ... ok
test message::tests::two_recipients_must_use_the_set_form ... ok
test message::tests::with_roles_bindings_parse_into_cast ... ok
test message::tests::with_roles_dialect_pin_parses_into_cast ... ok
test message::tests::wrapped_extraction_methods ... ok
test message::tests::wrapped_to_sexpr ... ok
test message::tests::with_roles_parses_as_typed_wrapper ... ok
test message::tests::wrapper_type_roundtrip ... ok
test msg_tag::tests::atom_is_unknown ... ok
test msg_tag::tests::empty_list_is_unknown ... ok
test msg_tag::tests::lang_head_and_second ... ok
test msg_tag::tests::simple_head_tag ... ok
test pattern::tests::dispatch_matches_head ... ok
test pattern::tests::dispatch_returns_none_for_no_match ... ok
test policy::tests::test_apply_policy_unknown_buffer_buffered ... ok
test policy::tests::test_apply_policy_unknown_reject_pending ... ok
test policy::tests::test_apply_policy_valid_accept ... ok
test policy::tests::test_apply_policy_violation_reject ... ok
test policy::tests::test_buffer_convenience_constructor ... ok
test policy::tests::test_default_policy_is_reject ... ok
test policy::tests::test_from_policy_buffer ... ok
test policy::tests::test_pending_queue_enqueue_within_capacity ... ok
test policy::tests::test_pending_queue_evicts_oldest_at_capacity ... ok
test policy::tests::test_pending_queue_per_thread_isolation ... ok
test policy::tests::test_pending_queue_re_evaluate_on_store_growth ... ok
test policy::tests::test_pending_queue_ttl_expiry ... ok
test policy::tests::test_reject_policy_no_mutable_state ... ok
test policy::tests::test_pending_queue_violation_on_re_evaluate ... ok
test policy::tests::test_from_policy_reject_panics - should panic ... ok
test projection::tests::derived_projection_emits_expect_envelope_per_route ... ok
test projection::tests::expect_envelope_leaves_send_recv_steps_untouched ... ok
test projection::tests::first_step_naming_root_hash_verifies ... ok
test projection::tests::foreign_cast_wrapper_is_a_violation ... ok
test projection::tests::fanin_unknown_until_all_reveals_then_valid ... ok
test projection::tests::forged_second_root_wrapper_is_rejected ... ok
test projection::tests::full_auction_trace_verifies_end_to_end ... ok
test projection::tests::narrowed_recipients_violate_conformance ... ok
test projection::tests::malformed_pin_on_root_is_rejected ... ok
test projection::tests::matching_root_wrapper_is_valid ... ok
test projection::tests::oauth_projections_match_the_paper ... ok
test projection::tests::only_exact_single_root_reference_is_typed_as_begin ... ok
test projection::tests::non_nominee_cannot_squat_a_role ... ok
test projection::tests::non_root_wrapper_is_a_violation ... ok
test projection::tests::non_member_instance_does_not_count_toward_coverage ... ok
test projection::tests::projection_is_deterministic ... ok
test projection::tests::projection_keeps_raw_predecessor_clauses ... ok
test projection::tests::out_of_order_is_unknown_then_valid ... ok
test projection::tests::per_occupant_expect_envelope_steps_come_from_the_sealed_cast ... ok
test projection::tests::pin_mismatch_is_a_typed_violation_for_every_thread_message ... ok
test projection::tests::receive_only_role_needs_no_signature_to_be_addressed ... ok
test projection::tests::reject_mode_projection_has_no_envelope_steps ... ok
test projection::tests::root_wrapper_with_extra_params_is_rejected ... ok
test projection::tests::resolved_fanin_missing_an_occupant_is_a_violation ... ok
test projection::tests::pinned_root_matching_installed_hash_verifies ... ok
test projection::tests::vacant_role_dependency_stays_unknown ... ok
test projection::tests::unsigned_root_payload_is_rejected ... ok
test projection::tests::unsigned_sender_field_cannot_occupy_a_role ... ok
test projection::tests::test_703_envelope_only_members_leave_the_fanin_incomplete ... ok
test projection::tests::unpinned_root_still_verifies_during_transition ... ok
test protocol::tests::envelope_is_scoped_to_its_authenticated_thread ... ok
test protocol::tests::fan_in_type_check_resolves_through_envelopes ... ok
test protocol::tests::envelope_with_wrong_type_is_the_typed_violation ... ok
test protocol::tests::full_message_shadows_its_own_envelope ... ok
test protocol::tests::test_acyclicity_linear_chain_passes ... ok
test protocol::tests::single_reference_resolves_through_an_envelope ... ok
test protocol::tests::fan_in_type_check_resolves_through_opened_envelopes ... ok
test protocol::tests::test_acyclicity_direct_cycle_rejected ... ok
test protocol::tests::test_acyclicity_transitive_cycle_rejected ... ok
test protocol::tests::test_causal_violation_display ... ok
test protocol::tests::test_causal_violation_variants_exist ... ok
test protocol::tests::test_construction_unknown ... ok
test protocol::tests::test_construction_valid ... ok
test protocol::tests::test_construction_violation ... ok
test protocol::tests::opened_envelope_with_wrong_type_is_the_typed_violation ... ok
test protocol::tests::test_definedness_all_defined_passes ... ok
test protocol::tests::test_definedness_undefined_rejected ... ok
test protocol::tests::test_join_preserves_first_violation ... ok
test protocol::tests::test_empty_protocol_passes_all_checks ... ok
test protocol::tests::test_join_unknown_unknown ... ok
test protocol::tests::opened_envelope_is_scoped_to_its_authenticated_thread ... ok
test protocol::tests::test_join_unknown_valid ... ok
test protocol::tests::test_join_unknown_violation ... ok
test protocol::tests::test_join_valid_unknown ... ok
test protocol::tests::test_join_valid_valid ... ok
test protocol::tests::test_join_valid_violation ... ok
test protocol::tests::test_join_violation_unknown ... ok
test protocol::tests::test_join_violation_valid ... ok
test protocol::tests::test_join_violation_violation ... ok
test protocol::tests::test_meet_preserves_first_violation ... ok
test protocol::tests::test_meet_unknown_unknown ... ok
test protocol::tests::test_meet_unknown_valid ... ok
test protocol::tests::test_meet_unknown_violation ... ok
test protocol::tests::test_meet_valid_unknown ... ok
test protocol::tests::test_meet_valid_valid ... ok
test protocol::tests::test_meet_valid_violation ... ok
test protocol::tests::single_reference_resolves_through_an_opened_envelope ... ok
test protocol::tests::test_meet_violation_unknown ... ok
test protocol::tests::test_meet_violation_valid ... ok
test protocol::tests::test_meet_violation_violation ... ok
test protocol::tests::test_partial_ord_reflexive ... ok
test protocol::tests::test_partial_ord_unknown_lt_valid ... ok
test protocol::tests::test_partial_ord_unknown_lt_violation ... ok
test protocol::tests::test_partial_ord_valid_violation_incomparable ... ok
test protocol::tests::test_protocol_violation_display ... ok
test protocol::tests::test_reachability_both_from_begin_passes ... ok
test protocol::tests::test_reachability_linear_chain_passes ... ok
test gossip::tests::estimate_convergence_log_n ... ok
test protocol::tests::test_reachability_unreachable_step_rejected ... ok
test protocol::tests::test_reserved_keyword_vocabulary_is_singleton ... ok
test protocol::tests::test_step_uniqueness_accepts_all_fan_in ... ok
test protocol::tests::test_step_uniqueness_accepts_distinct_alternatives ... ok
test protocol::tests::test_step_uniqueness_clean_protocol_passes ... ok
test protocol::tests::test_step_uniqueness_detects_duplicate_successor ... ok
test protocol::tests::test_step_uniqueness_rejects_literal_duplicate_predecessor ... ok
test protocol::tests::test_step_uniqueness_rejects_literal_duplicate_successor ... ok
test protocol::tests::test_verify_r5_protocol_catches_undefined ... ok
test protocol::tests::test_verify_r5_protocol_catches_unreachable ... ok
test protocol::tests::test_verify_r5_protocol_valid ... ok
test protocol::tests::verify_any_predecessor_either_type_valid ... ok
test protocol::tests::verify_begin_invalid_not_successor_of_begin ... ok
test protocol::tests::verify_begin_valid ... ok
test protocol::tests::verify_extraneous_predecessor ... ok
test protocol::tests::verify_fan_in_all_valid ... ok
test protocol::tests::verify_fan_in_incomplete ... ok
test protocol::tests::verify_fan_in_one_unknown ... ok
test protocol::tests::verify_fan_in_without_all_decl ... ok
test protocol::tests::verify_fan_in_wrong_type ... ok
test protocol::tests::verify_is_stateless ... ok
test protocol::tests::verify_missing_caused_by_ok_when_no_predecessors ... ok
test protocol::tests::verify_missing_caused_by_violation ... ok
test protocol::tests::verify_monotone_unknown_to_valid ... ok
test protocol::tests::verify_monotone_unknown_to_violation ... ok
test protocol::tests::verify_single_unknown_predecessor_not_in_store ... ok
test protocol::tests::verify_single_valid ... ok
test protocol::tests::verify_single_wrong_thread_is_unknown ... ok
test protocol::tests::verify_single_wrong_type ... ok
test protocol::tests::verify_unknown_performative_is_valid ... ok
test r1::tests::base_dialect_passes_r1 ... ok
test r1::tests::detects_in_nested_list ... ok
test r1::tests::detects_self_reference ... ok
test r1::tests::multiple_r1_violations ... ok
test r1::tests::install_rejects_r1_violation ... ok
test r1::tests::mutual_recursion_is_rejected ... ok
test r1::tests::no_self_reference_in_bool ... ok
test r1::tests::no_match_different_symbol ... ok
test r1::tests::no_self_reference_in_keyword ... ok
test r1::tests::no_match_in_empty_list ... ok
test r1::tests::no_self_reference_in_atom ... ok
test r1::tests::no_self_reference_in_string_atom ... ok
test r1::tests::tv_r1_001_direct_recursion_rejected ... ok
test r1::tests::tv_r1_002_safe_template_accepted ... ok
test r1::tests::tv_r1_003_complex_cond_safe ... ok
test r1::tests::tv_r1_004_safe_sequence ... ok
test r1::tests::tv_r1_005_recursion_in_cond_branch ... ok
test r1::tests::tv_r1_006_complex_safe_cond ... ok
test r1::tests::tv_r1_009_indirect_recursion_in_sequence ... ok
test r2::tests::add_expansion_at_boundary_fails ... ok
test r2::tests::atom_with_fuel_returns_some ... ok
test r1::tests::tv_r1_007_recursive_dialect_rejected ... ok
test r1::tests::tv_r1_008_safe_delegation_dialect ... ok
test r2::tests::base_dialect_passes_r2 ... ok
test r2::tests::bounded_eval_depth_exceeded ... ok
test r1::tests::tv_r1_010_complex_workflow_accepted ... ok
test r2::tests::bounded_eval_expansion_exceeded ... ok
test r2::tests::bounded_eval_fuel_consumed_recursively ... ok
test r2::tests::bounded_eval_nested_list ... ok
test r2::tests::bounded_eval_nonempty_list ... ok
test r2::tests::empty_list_with_fuel_returns_some ... ok
test r2::tests::enter_depth_respects_bounds ... ok
test r2::tests::exit_depth_decrements ... ok
test r2::tests::initial_from_bounds ... ok
test r2::tests::fuel_zero_returns_none ... ok
test r2::tests::exit_depth_saturates_at_zero ... ok
test r2::tests::max_allowed_bounds_pass_r2 ... ok
test r2::tests::over_max_allowed_bounds_fail_r2 ... ok
test r2::tests::remaining_depth ... ok
test r2::tests::tv_r2_001_valid_bounds ... ok
test r2::tests::tv_r2_003_excessive_max_depth ... ok
test r2::tests::tv_r2_004_depth_limit_enforcement ... ok
test r2::tests::tv_r2_005_expansion_size_enforcement ... ok
test r2::tests::tv_r2_006_planning_dialect ... ok
test r2::tests::tv_r2_007_crosschain_dialect ... ok
test r2::tests::tv_r2_008_artifacts_dialect ... ok
test r2::tests::zero_bounds_fail_r2 ... ok
test r3::tests::base_dialect_passes_r3 ... ok
test r3::tests::custom_dialect_with_core_name_fails ... ok
test r3::tests::custom_dialect_without_core_names_passes ... ok
test r3::tests::each_core_performative_triggers_r3 ... ok
test r3::tests::multiple_violations_collected ... ok
test r4::tests::check_r4_invalid_signature_returns_invalid ... ok
test r4::tests::check_r4_unsigned_returns_unsigned ... ok
test r4::tests::check_r4_valid_signature_returns_valid ... ok
test r4::tests::bad_signature_fails_r4 ... ok
test r4::tests::r4_001_rejects_unknown_authority ... ok
test r4::tests::r4_002_different_orderings_different_encodings ... ok
test r4::tests::r4_003_deterministic_encoding ... ok
test r4::tests::r4_004_integrity_fields_preserved ... ok
test r4::tests::r4_result_acceptability ... ok
test r4::tests::sign_body_empty_performatives ... ok
test r4::tests::unsigned_dialect_fails_r4 ... ok
test r5::tests::base_dialect_passes_r5 ... ok
test r4::tests::sign_body_includes_name_and_performatives ... ok
test r4::tests::signed_dialect_passes_r4 ... ok
test r5::tests::empty_keyword_fails_r5 ... ok
test r5::tests::duplicate_keywords_fails_r5 ... ok
test r5::tests::cycle_in_protocol_fails_r5 ... ok
test r5::tests::empty_keyword_in_optional_fails_r5 ... ok
test r5::tests::later_max_depth_rule_exceeding_r2_is_flagged ... ok
test r5::tests::max_depth_at_r2_bound_passes_r5 ... ok
test r5::tests::max_depth_exceeds_r2_bound_fails_r5 ... ok
test r5::tests::multiple_valid_shapes_pass_r5 ... ok
test r5::tests::multiple_violations_all_reported ... ok
test r5::tests::nested_empty_keyword_fails_r5 ... ok
test r5::tests::nested_max_depth_exceeding_r2_is_flagged ... ok
test r5::tests::no_protocol_passes_r5 ... ok
test r5::tests::no_shapes_passes_r5 ... ok
test r5::tests::unknown_performative_fails_r5 ... ok
test r5::tests::undefined_performative_fails_r5 ... ok
test r5::tests::valid_shape_passes_r5 ... ok
test r5::tests::protocol_ref_to_ancestor_performative_passes_with_ancestors ... ok
test r5::tests::unreachable_step_fails_r5 ... ok
test r5::tests::valid_protocol_passes_r5 ... ok
test r6::tests::auction_terminal_declare_winner_passes_both_levels ... ok
test r6::tests::coherent_choice_passes ... ok
test r6::tests::bug640_reveal_widening_derivation_covers_commit ... ok
test r6::tests::clean_dialect_derives_an_empty_table ... ok
test r6::tests::declare_winner_to_bidder_passes_type_level_but_fails_per_occupant ... ok
test r6::tests::derive_does_not_absorb_non_locality_violations ... ok
test r6::tests::first_steps_satisfy_locality_via_root_convention ... ok
test r6::tests::full_prefix_widening_repairs_per_occupant_locality ... ok
test r6::tests::incoherent_any_choice_rejected ... ok
test r6::tests::derive_leaves_payload_to_sets_byte_identical ... ok
test r6::tests::announcing_auction_routes_appear_only_at_thread_open ... ok
test r6::tests::lone_occupant_passes_per_occupant_locality ... ok
test r6::tests::lone_occupant_thread_open_derivation_is_empty ... ok
test r6::tests::multi_entry_predecessor_alternatives_are_a_choice ... ok
test r6::tests::install_accepts_a_deriving_r6vi_failing_dialect_and_records_routes ... ok
test r6::tests::oauth_as_written_fails_causal_locality ... ok
test r6::tests::derivation_is_idempotent_and_identical_across_installs ... ok
test r6::tests::oauth_derivation_matches_the_hand_widened_repair ... ok
test r6::tests::protocol_perf_without_annotation_rejected ... ok
test r6::tests::install_rejects_r6_violating_dialect ... ok
test r6::tests::role_free_dialect_passes_trivially ... ok
test r6::tests::roles_without_protocol_fail_reachability ... ok
test r6::tests::per_occupant_locality_fires_at_the_two_occupant_boundary ... ok
test r6::tests::reveal_widened_without_commit_fails_per_occupant_locality ... ok
test r6::tests::stray_annotation_without_roles_rejected ... ok
test r6::tests::three_member_incoherent_choice_rejected ... ok
test r6::tests::unreachable_role_rejected ... ok
test r6::tests::undeclared_role_rejected ... ok
test role::tests::cast_negative_indexed_no_keys ... ok
test role::tests::cast_negative_duplicate_binding ... ok
test role::tests::cast_negative_missing_binding ... ok
test r6::tests::warehouse_fails_causal_locality ... ok
test r6::tests::install_accepts_widened_oauth ... ok
test role::tests::cast_negative_non_list_binding ... ok
test r6::tests::warehouse_derivation_is_transitive_up_the_chain ... ok
test r6::tests::widened_oauth_passes ... ok
test role::tests::cast_negative_singleton_two_keys ... ok
test role::tests::cast_negative_unknown_role ... ok
test role::tests::cast_positive_auction ... ok
test role::tests::from_negative_list ... ok
test role::tests::from_positive_symbol ... ok
test role::tests::pin_negative_bad_prefix ... ok
test role::tests::pin_negative_non_hex_digits ... ok
test role::tests::pin_negative_non_symbol_value ... ok
test role::tests::pin_negative_wrong_length ... ok
test role::tests::roles_negative_empty_list ... ok
test role::tests::roles_negative_duplicate_names ... ok
test role::tests::roles_negative_non_symbol_entry ... ok
test role::tests::roles_negative_marker_arity ... ok
test role::tests::roles_negative_not_a_list ... ok
test role::tests::roles_negative_postfix_marker ... ok
test role::tests::roles_positive_singleton_and_indexed ... ok
test role::tests::to_negative_non_symbol_member ... ok
test role::tests::to_positive_bare_symbol_is_singleton_set ... ok
test role::tests::to_negative_duplicate_member ... ok
test role::tests::to_positive_empty_terminal ... ok
test role::tests::to_positive_multicast ... ok
test role::tests::violation_display_carries_locating_names ... ok
test role::tests::wrapper_cast_negative_extra_fields ... ok
test role::tests::wrapper_cast_without_pin_has_none ... ok
test role::tests::wrapper_cast_with_wellformed_pin_carries_it ... ok
test serializer::tests::serialize_atom_types ... ok
test serializer::tests::serialize_empty_list ... ok
test serializer::tests::serialize_list ... ok
test serializer::tests::serialize_string_escapes ... ok
test sexpr::tests::atom_depth_is_zero ... ok
test sexpr::tests::atom_size_is_one ... ok
test sexpr::tests::byte_size_string ... ok
test sexpr::tests::depth_flat_list ... ok
test sexpr::tests::byte_size_list ... ok
test sexpr::tests::display_bool ... ok
test sexpr::tests::display_empty_list ... ok
test sexpr::tests::display_keyword ... ok
test sexpr::tests::display_list ... ok
test sexpr::tests::display_nested ... ok
test sexpr::tests::display_num ... ok
test sexpr::tests::display_symbol ... ok
test sexpr::tests::display_string ... ok
test sexpr::tests::is_symbol_match ... ok
test sexpr::tests::list_size ... ok
test sexpr::tests::nested_depth ... ok
test sexpr::tests::parse_bool ... ok
test sexpr::tests::parse_empty_list ... ok
test sexpr::tests::parse_error_empty ... ok
test sexpr::tests::parse_error_trailing ... ok
test sexpr::tests::parse_error_unclosed_list ... ok
test sexpr::tests::parse_error_unterminated_string ... ok
test sexpr::tests::parse_keyword ... ok
test sexpr::tests::parse_nested_list ... ok
test sexpr::tests::parse_number ... ok
test sexpr::tests::parse_sexpr_error_display ... ok
test sexpr::tests::parse_simple_list ... ok
test sexpr::tests::parse_string ... ok
test sexpr::tests::parse_symbol ... ok
test sexpr::tests::round_trip_atoms ... ok
test sexpr::tests::round_trip_lists ... ok
test sexpr::tests::size_nested ... ok
test shape::tests::check_max_depth_exceeded ... ok
test shape::tests::check_max_depth_ok ... ok
test shape::tests::check_nested_children ... ok
test shape::tests::check_nested_children_missing_inner ... ok
test shape::tests::check_on_atom_fails_for_require ... ok
test shape::tests::check_optional_absent_ok ... ok
test shape::tests::check_optional_present_wrong_type ... ok
test shape::tests::check_require_missing ... ok
test shape::tests::check_require_present ... ok
test shape::tests::check_require_wrong_type ... ok
test shape::tests::max_depth_accessor ... ok
test shape::tests::max_depth_none ... ok
test shape::tests::multiple_shapes_compose_via_conjunction ... ok
test shape::tests::no_duplicate_keywords_allows_shared_child_under_different_parents ... ok
test shape::tests::no_duplicate_keywords_detects_duplicate ... ok
test shape::tests::no_duplicate_keywords_detects_duplicate_within_same_parent ... ok
test shape::tests::no_duplicate_keywords_ok ... ok
test shape::tests::require_without_type_constraint ... ok
test shape::tests::shape_violation_display ... ok
test shape::tests::type_constraint_display ... ok
test shape::tests::type_constraint_from_str ... ok
test shape::tests::type_constraint_matches ... ok
test splice::tests::merge_choice_is_discharged_by_disjunct_a ... ok
test splice::tests::oauth_is_splice_coherent_but_not_causally_local ... ok
test splice::tests::structural_coherence_accepts_an_unimplementable_protocol ... ok
test splice::tests::hashpin_choice_is_discharged_by_disjunct_b ... ok
test state::tests::json_escaping_is_minimal_and_lowercase ... ok
test splice::tests::unmergeable_unpinned_choice_is_rejected ... ok
test state::tests::frontier_and_opener ... ok
test store::tests::append_duplicate_cross_thread_rejected ... ok
test store::tests::append_is_monotonic_store_only_grows ... ok
test store::tests::append_returns_false_for_duplicate_hash ... ok
test store::tests::append_returns_true_for_new_message ... ok
test state::tests::histogram_over_per_signer_and_domain_filter ... ok
test store::tests::bundle_empty_has_correct_len ... ok
test store::tests::bundle_extract_chain_topological_order ... ok
test state::tests::register_replaced_never_wins_and_delete_removes_key ... ok
test store::tests::bundle_extract_diamond_dag ... ok
test store::tests::bundle_extract_partial_closure ... ok
test store::tests::bundle_extract_single_begin_message ... ok
test store::tests::bundle_extract_target_not_found ... ok
test store::tests::bundle_extract_wrong_thread ... ok
test store::tests::bundle_merge_all_duplicates ... ok
test store::tests::bundle_merge_into_empty_store ... ok
test store::tests::bundle_merge_deduplication ... ok
test store::tests::bundle_round_trip_diamond ... ok
test store::tests::bundle_round_trip_extract_merge_matches ... ok
test store::tests::bundle_to_sexpr_structure ... ok
test store::tests::bundle_verify_causal_no_protocol_steps ... ok
test store::tests::bundle_verify_completeness_dangling_reference ... ok
test store::tests::bundle_verify_completeness_valid ... ok
test store::tests::bundle_verify_hashes_matching ... ok
test store::tests::bundle_verify_hashes_mismatch ... ok
test store::tests::causal_closure_absent_message_returns_empty ... ok
test store::tests::causal_closure_begin_message_is_singleton ... ok
test store::tests::causal_closure_chain_returns_all_ancestors ... ok
test store::tests::causal_closure_diamond_no_duplicates ... ok
test store::tests::causal_closure_fan_in_includes_all_branches ... ok
test store::tests::causal_closure_wrong_thread_returns_empty ... ok
test store::tests::contains_false_for_absent ... ok
test store::tests::contains_false_for_absent_hash ... ok
test store::tests::contains_false_for_wrong_thread ... ok
test store::tests::contains_true_for_existing_in_thread ... ok
test store::tests::contains_true_for_matching_thread ... ok
test store::tests::default_creates_empty_index ... ok
test store::tests::default_envelope_lookup_is_none ... ok
test store::tests::envelope_is_placed_by_its_authenticated_thread ... ok
test store::tests::frontier_branching_two_leaves ... ok
test store::tests::envelope_shelf_deduplicates_by_content_hash ... ok
test store::tests::frontier_empty_thread_returns_empty ... ok
test store::tests::frontier_fan_in_merge_removes_predecessors ... ok
test store::tests::frontier_separate_threads_independent ... ok
test store::tests::frontier_single_begin_message_is_frontier ... ok
test store::tests::frontier_chain_only_leaf_is_frontier ... ok
test store::tests::insert_distinct_hashes_independent ... ok
test store::tests::insert_duplicate_does_not_overwrite ... ok
test store::tests::insert_returns_false_for_duplicate ... ok
test store::tests::insert_returns_true_for_new_entry ... ok
test store::tests::len_tracks_insertions ... ok
test store::tests::lookup_in_thread_returns_message_for_correct_thread ... ok
test store::tests::lookup_in_thread_returns_none_for_absent ... ok
test store::tests::lookup_in_thread_returns_none_for_wrong_thread ... ok
test store::tests::lookup_returns_index_for_matching_thread ... ok
test store::tests::lookup_returns_message_across_threads ... ok
test store::tests::lookup_returns_none_for_absent ... ok
test store::tests::lookup_returns_none_for_absent_hash ... ok
test store::tests::lookup_returns_none_for_wrong_thread ... ok
test store::tests::message_without_caused_by_is_frontier ... ok
test store::tests::new_index_is_empty ... ok
test store::tests::rebuild_clears_and_repopulates ... ok
test store::tests::rebuild_skips_duplicates_first_wins ... ok
test store::tests::rebuild_from_empty_iterator ... ok
test store::tests::relabelled_envelope_is_a_signature_failure_and_not_stored ... ok
test store::tests::store_contains_false_for_wrong_thread ... ok
test store::tests::thread_isolation_across_multiple_threads ... ok
test store::tests::tier3_full_audit_all_checks_pass ... ok
test store::tests::tier3_full_audit_detects_dangling_refs ... ok
test store::tests::tier2_partial_closure_sufficient_for_target ... ok
test store::tests::tier3_full_audit_detects_hash_mismatch ... ok
test store::tests::with_capacity_creates_empty_index ... ok
test template::tests::atom_template ... ok
test template::tests::cond_no_else_no_match ... ok
test template::tests::empty_bindings_no_substitution ... ok
test template::tests::equality_different_symbols ... ok
test template::tests::equality_same_symbols ... ok
test template::tests::expansion_respects_depth_limit ... ok
test template::tests::expand_template_backwards_compat ... ok
test store::tests::opened_envelope_is_placed_by_its_authenticated_thread ... ok
test template::tests::expansion_respects_size_limit ... ok
test template::tests::member_in_list ... ok
test store::tests::relabelled_opened_envelope_is_a_signature_failure_and_not_stored ... ok
test template::tests::member_not_in_list ... ok
test template::tests::nested_substitution_in_literal ... ok
test template::tests::simple_substitution ... ok
test template::tests::tv_pipe_tpl_001_literal_substitution ... ok
test template::tests::tv_pipe_tpl_002_cond_equality ... ok
test template::tests::tv_pipe_tpl_002_cond_equality_else_branch ... ok
test template::tests::tv_pipe_tpl_003_cond_membership ... ok
test template::tests::tv_pipe_tpl_003_cond_membership_no_match ... ok
test template::tests::tv_pipe_tpl_004_type_number ... ok
test template::tests::tv_pipe_tpl_005_type_string ... ok
test template::tests::tv_pipe_tpl_006_type_agent ... ok
test template::tests::tv_pipe_tpl_007_sequence ... ok
test template::tests::tv_pipe_tpl_008_plain_substitution ... ok
test template::tests::type_condition_agent ... ok
test store::tests::opened_shelf_deduplicates_by_root ... ok
test template::tests::type_condition_number ... ok
test template::tests::type_condition_string ... ok
test template::tests::type_predicate_bool ... ok
test template::tests::type_predicate_symbol ... ok
test template::tests::type_predicate_unknown ... ok
test typed_addr::tests::completion_needs_the_payload_leaf ... ok
test typed_addr::tests::reordered_but_equal_encodings_equal_root ... ok
test typed_addr::tests::root_has_sha256_hex64_form ... ok
test typed_addr::tests::distinct_field_sets_give_distinct_roots ... ok
test typed_addr::tests::opening_for_wrong_field_id_fails ... ok
test typed_addr::tests::tampered_value_fails ... ok
test typed_addr::tests::same_message_two_builds_equal_root ... ok
test typed_addr::tests::wrong_root_fails ... ok
test typed_addr::tests::wrong_path_fails ... ok
test typed_addr::tests::type_opening_reveals_type_not_payload ... ok
test typed_addr::tests::valid_openings_verify_for_every_field ... ok
test store::tests::bundle_extract_100_message_chain ... ok
test typed_addr::tests::tampering_a_field_after_signing_breaks_the_check ... ok
test typed_addr::tests::envelope_safety_checks_are_authenticated_openings ... ok
test store::tests::scale_1000_message_chain ... ok
test store::tests::scale_10k_messages_10_threads ... ok
test envelope::tests::test_700_property_roundtrip_over_generated_messages ... ok

test result: ok. 867 passed; 0 failed; 0 ignored; 0 measured; 0 filtered out; finished in 0.52s

     Running tests/admission_tests.rs (target/debug/deps/admission_tests-9c9a8987a421b338)

running 11 tests
test gate_and_thread_failures_leave_history_unchanged ... ok
test hash_conflicts_cannot_replace_pending_or_accepted_records ... ok
test invalid_received_predecessor_cannot_justify_accepted_child ... ok
test indexed_endpoint_uses_occupant_identity_and_full_member_fanin ... ok
test mixed_wrong_and_missing_fanin_waits_for_resolution_before_rejection ... ok
test strict_context_rejects_unpinned_duplicate_and_derived_dialects ... ok
test pending_fanin_is_not_rejected_early_and_duplicates_do_not_reapply ... ok
test new_arrivals_do_not_starve_an_enabled_candidate ... ok
test root_must_be_accepted_before_a_reference_is_rewritten_to_begin ... ok
test asynchronous_endpoint_union_remains_closed_and_valid_without_coverage ... ok
test all_delivery_permutations_preserve_safety_and_eventually_accept_fanin ... ok

test result: ok. 11 passed; 0 failed; 0 ignored; 0 measured; 0 filtered out; finished in 0.14s

     Running tests/auction_e2e.rs (target/debug/deps/auction_e2e-050dd750477102cf)

running 1 test
test auction_end_to_end ... ok

test result: ok. 1 passed; 0 failed; 0 ignored; 0 measured; 0 filtered out; finished in 0.00s

     Running tests/causal_kernel_parity.rs (target/debug/deps/causal_kernel_parity-91bb8e37cc5a5cae)

running 1 test
test all_routes_match_legacy_including_diagnostics ... ok

test result: ok. 1 passed; 0 failed; 0 ignored; 0 measured; 0 filtered out; finished in 0.12s

     Running tests/certificate_tests.rs (target/debug/deps/certificate_tests-c8883d3bede9f289)

running 20 tests
test bundle_verify_hashes_fails_with_wrong_hasher ... ok
test bundle_verify_hashes_succeeds_with_correct_hasher ... ok
test canonical_encoding_deterministic_across_invocations ... ok
test canonical_sort_makes_discovery_order_irrelevant ... ok
test caused_by_multiple_sorted_order_is_deterministic ... ok
test causal_closure_differs_after_content_modification ... ok
test fan_in_bundle_is_complete_and_verifiable ... ok
test fan_in_bundle_is_topologically_sorted ... ok
test fan_in_bundle_merge_deduplicates_shared_history ... ok
test canonical_encoding_reflects_caused_by_order ... ok
test fan_in_closure_is_union_of_predecessor_closures ... ok
test fan_in_bundle_merge_preserves_union_history ... ok
test independent_agents_same_chain_same_hashes ... ok
test independent_hash_computation_is_identical ... ok
test linear_chain_bundle_has_complete_closure ... ok
test modifying_caused_by_reference_changes_hash ... ok
test modifying_interior_message_propagates_hash_change ... ok
test modifying_performative_changes_hash ... ok
test modifying_root_content_changes_hash ... ok
test unsorted_caused_by_produces_different_hash ... ok

test result: ok. 20 passed; 0 failed; 0 ignored; 0 measured; 0 filtered out; finished in 0.00s

     Running tests/epp_properties.rs (target/debug/deps/epp_properties-61fb354d522ed86d)

running 8 tests
test test_635_converse_witness ... ok
test test_637_operation_count_within_bound ... ok
test test_630_projection_determinism ... ok
test generated_chains_pass_r6 ... ok
test test_634_unknown_means_not_yet_arrived ... ok
test test_632_633_completeness_and_exactness ... ok
test test_631_epp_soundness ... ok
test test_636_monotonicity ... ok

test result: ok. 8 passed; 0 failed; 0 ignored; 0 measured; 0 filtered out; finished in 0.09s

     Running tests/eventual_consistency_tests.rs (target/debug/deps/eventual_consistency_tests-0679007f867b316d)

running 12 tests
test test_convergence_linear_forward_vs_reverse ... ok
test test_diamond_reverse_order_all_eventually_valid ... ok
test test_monotonicity_unknown_to_valid_on_store_growth ... ok
test test_convergence_diamond_two_orderings ... ok
test test_pending_queue_drains_completely_after_all_predecessors_arrive ... ok
test test_reverse_order_delivery_all_eventually_valid ... ok
test prop_convergence_any_two_permutations ... ok
test prop_linear_trace_any_order_eventually_valid ... ok
test prop_diamond_trace_any_order_eventually_valid ... ok
test prop_five_step_any_order_eventually_valid ... ok
test prop_five_step_convergence ... ok
test prop_convergence_diamond_any_two_permutations ... ok

test result: ok. 12 passed; 0 failed; 0 ignored; 0 measured; 0 filtered out; finished in 0.02s

     Running tests/lean_parity.rs (target/debug/deps/lean_parity-ad0cdf48cf36920e)

running 31 tests
test req510_join_idem ... ok
test req510_meet_idem ... ok
test req510_join_bot_identity ... ok
test req510_meet_top_identity ... ok
test req510_meet_comm ... ok
test req510_truth_tables ... ok
test req510_join_comm ... ok
test req513_verify_all_empty_fan_in_pins_residual ... ok
test req513_verify_all_full_coverage_is_valid ... ok
test req510_join_assoc ... ok
test req515_acyclicity_complete_on_cyclic ... ok
test req510_meet_assoc ... ok
test req515_acyclicity_sound_on_acyclic ... ok
test req515_definedness_complete ... ok
test req515_definedness_sound ... ok
test req515_reachability_complete_on_orphan ... ok
test req513_verify_all_is_meet ... ok
test req515_step_uniqueness_complete ... ok
test req515_reachability_sound ... ok
test req515_step_uniqueness_sound ... ok
test req511_union_comm ... ok
test req512_verify_monotone_all_caused_by_arms ... ok
test req516_protocol_dispatch_deterministic ... ok
test req516_protocol_clause_is_sexpr ... ok
test req511_union_idem ... ok
test req514_verify_eventually_consistent ... ok
test req516_shape_clause_is_sexpr ... ok
test req511_union_assoc ... ok
test req516_shape_dispatch_deterministic ... ok
test req512_verify_monotone_single ... ok
test req511_lookup_monotone ... ok

test result: ok. 31 passed; 0 failed; 0 ignored; 0 measured; 0 filtered out; finished in 1.20s

     Running tests/monotonicity_tests.rs (target/debug/deps/monotonicity_tests-43ec69c4e02b427a)

running 20 tests
test prop_fan_in_partial_to_complete ... ok
test prop_disjunction_unknown_to_valid ... ok
test prop_monotonicity_incremental_fan_in ... ok
test prop_monotonicity_incremental_growth ... ok
test prop_monotonicity_incremental_disjunction ... ok
test test_disjunction_unknown_to_valid_via_either_branch ... ok
test test_fan_in_unknown_to_valid ... ok
test test_single_unknown_to_valid ... ok
test test_single_unknown_to_violation ... ok
test test_valid_stable_under_unrelated_additions ... ok
test test_violation_stable_under_store_growth ... ok
test prop_monotonicity_fan_in ... ok
test prop_stability_after_resolution ... ok
test prop_monotonicity_disjunction_alt_branch ... ok
test prop_monotonicity_single_predecessor ... ok
test prop_monotonicity_begin_stays_valid ... ok
test prop_monotonicity_disjunction ... ok
test prop_monotonicity_single_predecessor_confirm ... ok
test prop_stability_fan_in_after_resolution ... ok
test prop_stability_disjunction_after_resolution ... ok

test result: ok. 20 passed; 0 failed; 0 ignored; 0 measured; 0 filtered out; finished in 1.23s

     Running tests/nfr_tests.rs (target/debug/deps/nfr_tests-4f9c8aa7f31119ec)

running 4 tests
test buffer_policy_carries_bound ... ok
test buffer_memory_bounded_by_dedup ... ok
test reject_policy_zero_mutable_state ... ok
test hash_index_memory_per_entry ... ok

test result: ok. 4 passed; 0 failed; 0 ignored; 0 measured; 0 filtered out; finished in 0.00s

     Running tests/projection_refinement.rs (target/debug/deps/projection_refinement-08d4efcbcecb61af)

running 1 test
test rust_projection_matches_kernel_reduction ... ignored, requires the pinned Lean toolchain and a built ConcreteProjection module

test result: ok. 0 passed; 0 failed; 1 ignored; 0 measured; 0 filtered out; finished in 0.00s

     Running tests/prop_generators.rs (target/debug/deps/prop_generators-16dbc73ba2eed20e)

running 0 tests

test result: ok. 0 passed; 0 failed; 0 ignored; 0 measured; 0 filtered out; finished in 0.00s

     Running tests/property_tests.rs (target/debug/deps/property_tests-5258b6261423d197)

running 31 tests
test prop_base_dialect_always_passes_r3 ... ok
test prop_gossip_zero_transmission_no_spread ... ok
test prop_gossip_monotonic_knowledge_growth ... ok
test prop_base_dialect_always_passes_r1 ... ok
test prop_gossip_full_transmission_converges_fast ... ok
test prop_literal_template_expansion_terminates ... ok
test prop_r2_violation_rejected ... ok
test prop_invalid_bounds_fail_r2 ... ok
test prop_bounded_eval_atom_with_fuel ... ok
test prop_r3_violation_rejected_preserves_well_formedness ... ok
test prop_recursive_performative_fails_r1 ... ok
test prop_r3_violating_dialect_fails ... ok
test prop_resource_state_enter_exit_depth ... ok
test prop_bounded_eval_zero_fuel_returns_none ... ok
test prop_base_dialect_always_at_index_zero ... ok
test prop_safe_performative_passes_r1 ... ok
test prop_canonical_serialization_roundtrip ... ok
test prop_r1_rejects_iff_self_reference ... ok
test prop_valid_bounds_pass_r2 ... ok
test prop_r3_equivalence ... ok
test prop_sexpr_depth_consistent ... ok
test prop_sexpr_size_positive ... ok
test prop_simple_message_roundtrip ... ok
test prop_serialize_matches_display ... ok
test prop_serialize_deterministic ... ok
test prop_serialization_idempotent ... ok
test prop_valid_install_preserves_well_formedness ... ok
test prop_valid_dialect_passes_r1 ... ok
test prop_sexpr_display_parse_roundtrip ... ok
test prop_valid_dialect_passes_r3 ... ok
test prop_multiple_installs_preserve_well_formedness ... ok

test result: ok. 31 passed; 0 failed; 0 ignored; 0 measured; 0 filtered out; finished in 0.74s

     Running tests/state_properties.rs (target/debug/deps/state_properties-09d94f36b4358228)

running 14 tests
test signer_binder_uses_domain_admitted_current_writes ... ok
test signer_binder_mixed_rule_union_remains_sorted_and_bounded ... ok
test signer_canonical_lower_address_edit_always_wins ... ok
test signer_binder_first_concurrent_sorted_bounded_and_forge ... ok
test signer_domain_and_verb_guards ... ok
test signer_observed_edit_and_ownership ... ok
test signer_string_addresses_and_last_retains_address_order ... ok
test signer_register_permutation_and_duplicate_property ... ok
test prop_monotone_rules_under_append ... ok
test prop_register_equals_current_oracle ... ok
test prop_replaced_never_wins_and_unnamed_is_current ... ok
test prop_sum_once_per_address ... ok
test prop_fold_permutation_and_duplication_invariant ... ok
test prop_intend_sound ... ok

test result: ok. 14 passed; 0 failed; 0 ignored; 0 measured; 0 filtered out; finished in 2.55s

   Doc-tests cbcl_core

running 0 tests

test result: ok. 0 passed; 0 failed; 0 ignored; 0 measured; 0 filtered out; finished in 0.00s

