    Blocking waiting for file lock on build directory
   Compiling cbcl-core v0.1.0 (/Users/anuna-01/Code/cbcl-rs/crates/cbcl-core)
warning: unreachable pattern
   --> crates/cbcl-core/src/state.rs:151:43
    |
145 |             | Rule::LatestPerSigner { verb, .. }
    |               ---------------------------------- matches all the relevant values
...
151 |             | Rule::Values { verb, .. } | Rule::LatestPerSigner { verb, .. } => alloc::vec![verb.as_str()],
    |                                           ^^^^^^^^^^^^^^^^^^^^^^^^^^^^^^^^^^ no value can reach this
    |
    = note: `#[warn(unreachable_patterns)]` (part of `#[warn(unused)]`) on by default

warning: `cbcl-core` (lib) generated 1 warning
    Finished `test` profile [unoptimized + debuginfo] target(s) in 3.61s
     Running tests/state_properties.rs (target/debug/deps/state_properties-09d94f36b4358228)

running 10 tests
test signer_domain_and_verb_guards ... ok
test signer_observed_edit_and_ownership ... ok
test signer_binder_first_concurrent_sorted_bounded_and_forge ... ok
test signer_register_permutation_and_duplicate_property ... ok
test prop_monotone_rules_under_append ... ok
test prop_register_equals_current_oracle ... ok
test prop_replaced_never_wins_and_unnamed_is_current ... ok
test prop_sum_once_per_address ... ok
test prop_fold_permutation_and_duplication_invariant ... ok
test prop_intend_sound ... ok

test result: ok. 10 passed; 0 failed; 0 ignored; 0 measured; 0 filtered out; finished in 1.01s

