   Compiling cbcl-parser v0.1.0 (/Users/anuna-01/Code/cbcl-rs/crates/cbcl-parser)
    Finished `test` profile [unoptimized + debuginfo] target(s) in 0.85s
     Running tests/state_corpus.rs (target/debug/deps/state_corpus-d9e80911508268e1)

running 1 test
test every_vector_passes_forward_reversed_and_duplicated ... ok

test result: ok. 1 passed; 0 failed; 0 ignored; 0 measured; 0 filtered out; finished in 0.02s

     Running tests/state_exports.rs (target/debug/deps/state_exports-e547ccf6c5ff3f88)

running 2 tests
test signer_replaces_shape_is_exported ... ok
test frames_reproduce_every_vector ... ok

test result: ok. 2 passed; 0 failed; 0 ignored; 0 measured; 0 filtered out; finished in 0.07s

     Running tests/state_layer.rs (target/debug/deps/state_layer-d09de681f3bb7c86)

running 12 tests
test state_schema_of_the_checklist ... ok
test checklist_parses_and_replaces_is_inserted ... ok
test author_declared_replaces_is_rejected ... ok
test bounds_clause_is_enforced_at_receipt ... ok
test signer_writer_requires_replaces_but_last_does_not ... ok
test state_shape_rejects_undeclared_and_oversized_fields ... ok
test fold_matches_the_worked_trace_in_any_order ... ok
test a_write_after_a_delete_names_the_deletion ... ok
test lunch_vote_domain_filters_in_the_fold_and_refuses_in_the_binder ... ok
test unknown_rule_and_bad_domain_fail_install ... ok
test install_accepts_author_name_and_checks_claimed_self_address ... ok
test intend_binds_recipients_replaces_and_predecessor_from_the_cast_and_history ... ok

test result: ok. 12 passed; 0 failed; 0 ignored; 0 measured; 0 filtered out; finished in 0.00s

