    Updating crates.io index
  Installing wasm-bindgen-cli v0.2.114
warning: default toolchain implicitly overridden with `stable-aarch64-apple-darwin` by rustup toolchain file
  |
  = help: use `cargo +stable install` if you meant to use the stable toolchain
  = note: rustup selects the toolchain based on the parent environment and not the environment of the package being installed
    Updating crates.io index
    Updating crates.io index
   Compiling proc-macro2 v1.0.106
   Compiling unicode-ident v1.0.24
   Compiling quote v1.0.44
   Compiling libc v0.2.182
   Compiling stable_deref_trait v1.2.1
   Compiling cfg-if v1.0.4
   Compiling serde_core v1.0.228
   Compiling memchr v2.8.0
   Compiling log v0.4.29
   Compiling crossbeam-utils v0.8.21
   Compiling find-msvc-tools v0.1.9
   Compiling litemap v0.8.1
   Compiling writeable v0.6.2
   Compiling shlex v1.3.0
   Compiling bitflags v2.11.0
   Compiling serde v1.0.228
   Compiling icu_properties_data v2.1.2
   Compiling cc v1.2.56
   Compiling icu_normalizer_data v2.1.1
   Compiling foldhash v0.2.0
   Compiling zerocopy v0.8.40
   Compiling ring v0.17.14
   Compiling equivalent v1.0.2
   Compiling itoa v1.0.17
   Compiling httparse v1.10.1
   Compiling rayon-core v1.13.0
   Compiling hashbrown v0.16.1
   Compiling syn v2.0.117
   Compiling crossbeam-epoch v0.9.18
   Compiling indexmap v2.13.0
   Compiling crossbeam-deque v0.8.6
   Compiling getrandom v0.2.17
   Compiling getrandom v0.4.1
   Compiling utf8parse v0.2.2
   Compiling autocfg v1.5.0
   Compiling smallvec v1.15.1
   Compiling zeroize v1.8.2
   Compiling zmij v1.0.21
   Compiling once_cell v1.21.3
   Compiling rustix v1.1.4
   Compiling unicase v2.9.0
   Compiling heck v0.5.0
   Compiling mime_guess v2.0.5
   Compiling synstructure v0.13.2
   Compiling rustls-pki-types v1.14.0
   Compiling num-traits v0.2.19
   Compiling anstyle-parse v0.2.7
   Compiling rand_core v0.6.4
   Compiling errno v0.3.14
   Compiling aho-corasick v1.1.4
   Compiling colorchoice v1.0.4
   Compiling either v1.15.0
   Compiling zerofrom-derive v0.1.6
   Compiling yoke-derive v0.8.1
   Compiling zerovec-derive v0.11.2
   Compiling displaydoc v0.2.5
   Compiling serde_derive v1.0.228
   Compiling zerofrom v0.1.6
   Compiling anstyle v1.0.13
   Compiling regex-syntax v0.8.10
   Compiling crc32fast v1.5.0
   Compiling percent-encoding v2.3.2
   Compiling is_terminal_polyfill v1.70.2
   Compiling serde_json v1.0.149
   Compiling untrusted v0.9.0
   Compiling anstyle-query v1.1.5
   Compiling anyhow v1.0.102
   Compiling semver v1.0.27
   Compiling anstream v0.6.21
   Compiling yoke v0.8.1
   Compiling ppv-lite86 v0.2.21
   Compiling rand_chacha v0.3.1
   Compiling regex-automata v0.4.14
   Compiling rayon v1.11.0
   Compiling zerovec v0.11.5
   Compiling zerotrie v0.2.3
   Compiling bytes v1.11.1
   Compiling alloc-no-stdlib v2.0.4
   Compiling leb128fmt v0.1.0
   Compiling fastrand v2.3.0
   Compiling simd-adler32 v0.3.8
   Compiling rustls v0.23.37
   Compiling fallible-iterator v0.3.0
   Compiling safemem v0.3.3
   Compiling core-foundation-sys v0.8.7
   Compiling powerfmt v0.2.0
   Compiling foldhash v0.1.5
   Compiling wasmparser v0.240.0
   Compiling utf8_iter v1.0.4
   Compiling base64 v0.22.1
   Compiling mime v0.3.17
   Compiling adler2 v2.0.1
   Compiling wasm-bindgen-shared v0.2.114
   Compiling miniz_oxide v0.8.9
   Compiling hashbrown v0.15.5
   Compiling tinystr v0.8.2
   Compiling icu_locale_core v2.1.1
   Compiling potential_utf v0.1.4
   Compiling icu_collections v2.1.1
   Compiling iana-time-zone v0.1.65
   Compiling deranged v0.5.8
   Compiling gimli v0.32.3
   Compiling id-arena v2.3.0
   Compiling buf_redux v0.8.4
   Compiling regex v1.12.3
   Compiling icu_provider v2.1.1
   Compiling http v1.4.0
   Compiling tempfile v3.26.0
   Compiling wasm-encoder v0.245.1
   Compiling icu_normalizer v2.1.1
   Compiling icu_properties v2.1.2
   Compiling alloc-stdlib v0.2.2
   Compiling wasmparser v0.245.1
   Compiling idna_adapter v1.2.1
   Compiling rand v0.8.5
   Compiling idna v1.1.0
   Compiling rustls-webpki v0.103.9
   Compiling form_urlencoded v1.2.2
   Compiling walrus-macro v0.25.0
   Compiling num_threads v0.1.7
   Compiling num_cpus v1.17.0
   Compiling twoway v0.1.8
   Compiling subtle v2.6.1
   Compiling num-conv v0.2.0
   Compiling chunked_transfer v1.5.0
   Compiling quick-error v1.2.3
   Compiling time-core v0.1.8
   Compiling leb128 v0.2.5
   Compiling strsim v0.11.1
   Compiling clap_lex v1.0.0
   Compiling httpdate v1.0.3
   Compiling ascii v1.1.0
   Compiling clap_builder v4.5.60
   Compiling time v0.3.47
   Compiling multipart v0.18.0
   Compiling tiny_http v0.12.0
   Compiling threadpool v1.8.1
   Compiling url v2.5.8
   Compiling flate2 v1.1.9
   Compiling brotli-decompressor v5.0.0
   Compiling ureq-proto v0.5.3
   Compiling chrono v0.4.44
   Compiling env_filter v1.0.0
   Compiling clap_derive v4.5.55
   Compiling webpki-roots v1.0.6
   Compiling filetime v0.2.27
   Compiling utf-8 v0.7.6
   Compiling walrus v0.25.2
   Compiling sha1_smol v1.0.1
   Compiling jiff v0.2.21
   Compiling base64 v0.13.1
   Compiling rustc-demangle v0.1.27
   Compiling rouille v3.6.2
   Compiling clap v4.5.60
   Compiling ureq v3.2.0
   Compiling wasm-bindgen-test-shared v0.2.114
   Compiling wasm-bindgen-cli-support v0.2.114
   Compiling env_logger v0.11.9
   Compiling wasm-bindgen-cli v0.2.114
    Finished `release` profile [optimized] target(s) in 42.74s
warning: the following packages contain code that will be rejected by a future version of Rust: buf_redux v0.8.4, multipart v0.18.0
note: to see what the problems were, use the option `--future-incompat-report`, or run `cargo report future-incompatibilities --id 1`
  Installing /tmp/cbcl-issue18-bindgen/bin/wasm-bindgen
  Installing /tmp/cbcl-issue18-bindgen/bin/wasm-bindgen-test-runner
  Installing /tmp/cbcl-issue18-bindgen/bin/wasm2es6js
   Installed package `wasm-bindgen-cli v0.2.114` (executables `wasm-bindgen`, `wasm-bindgen-test-runner`, `wasm2es6js`)
warning: be sure to add `/tmp/cbcl-issue18-bindgen/bin` to your PATH to be able to run the installed binaries
