Demo 3 N=100 sweep
Backend:    glm
Started:    2026-05-05T09:21:44Z
Cells:      10 cells × N=100
Repo HEAD:  6505be4  (feat/arena-demo)

[1/10] psi native — backend glm, N=100
    log: crates/cbcl-arena/measurements/N100-glm-2026-05-05/cell-1-psi-native.log
    OK  (11035 s)

[2/10] psi native-attacker — backend glm, N=100
    log: crates/cbcl-arena/measurements/N100-glm-2026-05-05/cell-2-psi-native-attacker.log
    OK  (4152 s)

[3/10] yao native — backend glm, N=100
    log: crates/cbcl-arena/measurements/N100-glm-2026-05-05/cell-3-yao-native.log
    OK  (4353 s)

[4/10] yao native-attacker — backend glm, N=100
    log: crates/cbcl-arena/measurements/N100-glm-2026-05-05/cell-4-yao-native-attacker.log
    OK  (5333 s)

[5/10] psi disciplined — backend glm, N=100
    log: crates/cbcl-arena/measurements/N100-glm-2026-05-05/cell-5-psi-disciplined.log
    OK  (6530 s)

[6/10] psi cooperative — backend glm, N=100
    log: crates/cbcl-arena/measurements/N100-glm-2026-05-05/cell-6-psi-cooperative.log
    OK  (4619 s)

[7/10] psi free — backend glm, N=100
    log: crates/cbcl-arena/measurements/N100-glm-2026-05-05/cell-7-psi-free.log
    OK  (3247 s)

[8/10] yao disciplined — backend glm, N=100
    log: crates/cbcl-arena/measurements/N100-glm-2026-05-05/cell-8-yao-disciplined.log
    OK  (2436 s)

[9/10] yao cooperative — backend glm, N=100
    log: crates/cbcl-arena/measurements/N100-glm-2026-05-05/cell-9-yao-cooperative.log
    OK  (1911 s)

[10/10] yao free — backend glm, N=100
    log: crates/cbcl-arena/measurements/N100-glm-2026-05-05/cell-10-yao-free.log
    OK  (5923 s)

Sweep finished: 2026-05-05T23:07:23Z
Total wall-time: 49539 s (825 min)
Succeeded: 10 / 10
Failed:    0
