'CBCL.InstalledSyntax.environmentDCFL' depends on axioms: [propext, Classical.choice, Quot.sound]
'CBCL.InstalledSyntax.decode_encode_atom' depends on axioms: [propext, Classical.choice, Quot.sound]
'CBCL.InstalledSyntax.encoded_direct_tree' depends on axioms: [propext, Classical.choice, Quot.sound]
'CBCL.InstalledSyntax.recognizes_expression' depends on axioms: [propext, Classical.choice, Quot.sound]
'CBCL.InstalledSyntax.dcfl_preserved' depends on axioms: [propext, Classical.choice, Quot.sound]
'CBCL.InstalledSyntax.dcfl_preserved_many' depends on axioms: [propext, Classical.choice, Quot.sound]
'CBCL.InstalledSyntax.verified_fresh_installations_dcfl' depends on axioms: [propext, Classical.choice, Quot.sound]
'CBCL.InstalledSyntax.pipeline_verified_fresh' depends on axioms: [propext, Classical.choice, Quot.sound]
'CBCL.InstalledSyntax.verified_sequence_unique' depends on axioms: [propext, Quot.sound]
'CBCL.InstalledSyntax.Tests.arbitrary_nesting' depends on axioms: [propext, Classical.choice, Quot.sound]
'CBCL.FormalLanguage.FiniteLexer.product_accepts' depends on axioms: [propext, Classical.choice, Quot.sound]
'CBCL.FormalLanguage.FiniteLexer.isRealtimeDCFL' depends on axioms: [propext, Classical.choice, Quot.sound]
'CBCL.InstalledSyntax.Raw.State.codec' depends on axioms: [propext, Classical.choice, Quot.sound]
'CBCL.InstalledSyntax.Raw.codepoint_encodeChar' depends on axioms: [propext, Quot.sound]
'CBCL.InstalledSyntax.Raw.codepoint_scalar' depends on axioms: [propext, Quot.sound]
'CBCL.InstalledSyntax.Raw.nameMatches_word' depends on axioms: [propext, Classical.choice, Quot.sound]
'CBCL.InstalledSyntax.Raw.environmentDCFL' depends on axioms: [propext, Classical.choice, Quot.sound]
'CBCL.InstalledSyntax.Raw.recognizes_expression' depends on axioms: [propext, Classical.choice, Quot.sound]
'CBCL.InstalledSyntax.Raw.check_correct' depends on axioms: [propext, Classical.choice, Quot.sound]
'CBCL.InstalledSyntax.Raw.base_dcfl' depends on axioms: [propext, Classical.choice, Quot.sound]
'CBCL.InstalledSyntax.Raw.dcfl_preserved' depends on axioms: [propext, Classical.choice, Quot.sound]
'CBCL.InstalledSyntax.Raw.dcfl_preserved_many' depends on axioms: [propext, Classical.choice, Quot.sound]
'CBCL.InstalledSyntax.Raw.verified_fresh_installations_dcfl' depends on axioms: [propext, Classical.choice, Quot.sound]
