{"synthetic": false,
 "schemaVersion": "2025-09-10",
 "outputs":
 {"o": ["8f3b75b8e847f3e5.olean"],
  "i": "30b23bdc54a1ff31.ilean",
  "c": "f95ba5c8bbfe9562.c"},
 "log":
 [{"message":
   ".> LEAN_PATH=/Users/anuna-01/Code/worktrees/cbcl-rs/IMPL-005-dcfl-preservation-v1/lean-cbcl/.lake/build/lib/lean /Users/anuna-01/.elan/toolchains/leanprover--lean4---v4.27.0/bin/lean /Users/anuna-01/Code/worktrees/cbcl-rs/IMPL-005-dcfl-preservation-v1/lean-cbcl/LeanCbcl/DCFLPreservation.lean -o /Users/anuna-01/Code/worktrees/cbcl-rs/IMPL-005-dcfl-preservation-v1/lean-cbcl/.lake/build/lib/lean/LeanCbcl/DCFLPreservation.olean -i /Users/anuna-01/Code/worktrees/cbcl-rs/IMPL-005-dcfl-preservation-v1/lean-cbcl/.lake/build/lib/lean/LeanCbcl/DCFLPreservation.ilean -c /Users/anuna-01/Code/worktrees/cbcl-rs/IMPL-005-dcfl-preservation-v1/lean-cbcl/.lake/build/ir/LeanCbcl/DCFLPreservation.c --setup /Users/anuna-01/Code/worktrees/cbcl-rs/IMPL-005-dcfl-preservation-v1/lean-cbcl/.lake/build/ir/LeanCbcl/DCFLPreservation.setup.json --json",
   "level": "trace"}],
 "inputs":
 [["LeanCbcl.DCFLPreservation:deps",
   [["deps",
     [["«lean-cbcl»/LeanCbcl:extraDep",
       [["@«lean-cbcl»:extraDep", "00000000000006bb"]]],
      ["imports",
       [["LeanCbcl.SExpr transitive imports (legacy)", "00000000000006bb"],
        ["LeanCbcl.SExpr:importAllArts", "6c638a72099ce47a"],
        ["LeanCbcl.Parser transitive imports (legacy)", "7877710d5e966e60"],
        ["LeanCbcl.Parser:importAllArts", "59d470081575e3f2"],
        ["LeanCbcl.DialectParser transitive imports (legacy)",
         "d78743a4ba15fd58"],
        ["LeanCbcl.DialectParser:importAllArts", "f47593fdb4115703"]]]]],
    ["libs",
     [["import dynlibs", "00000000000006bb"],
      ["package external libraries", "00000000000006bb"],
      ["module dynlibs", "00000000000006bb"],
      ["module plugins", "00000000000006bb"]]]]],
  ["Lean 4.27.0, commit db93fe1608548721853390a10cd40580fe7d22ae",
   "9a2be90fd35343e5"],
  ["/Users/anuna-01/Code/worktrees/cbcl-rs/IMPL-005-dcfl-preservation-v1/lean-cbcl/LeanCbcl/DCFLPreservation.lean",
   "c00ff6a407a03c2a"],
  ["options", "00000000000006bb"],
  ["Module.leanArgs: #[]", "00000000000006bb"]],
 "depHash": "9008caa20b50b503"}