{"synthetic": false,
 "schemaVersion": "2025-09-10",
 "outputs":
 {"o": ["11394756b8b82557.olean"],
  "i": "aa765a3422f9b44b.ilean",
  "c": "f440eed72e9683ea.c"},
 "log":
 [{"message":
   ".> LEAN_PATH=/Users/anuna-01/Code/worktrees/cbcl-rs/IMPL-005-store-lattice-v1/lean-cbcl/.lake/build/lib/lean /Users/anuna-01/.elan/toolchains/leanprover--lean4---v4.27.0/bin/lean /Users/anuna-01/Code/worktrees/cbcl-rs/IMPL-005-store-lattice-v1/lean-cbcl/LeanCbcl/DeterministicUnion.lean -o /Users/anuna-01/Code/worktrees/cbcl-rs/IMPL-005-store-lattice-v1/lean-cbcl/.lake/build/lib/lean/LeanCbcl/DeterministicUnion.olean -i /Users/anuna-01/Code/worktrees/cbcl-rs/IMPL-005-store-lattice-v1/lean-cbcl/.lake/build/lib/lean/LeanCbcl/DeterministicUnion.ilean -c /Users/anuna-01/Code/worktrees/cbcl-rs/IMPL-005-store-lattice-v1/lean-cbcl/.lake/build/ir/LeanCbcl/DeterministicUnion.c --setup /Users/anuna-01/Code/worktrees/cbcl-rs/IMPL-005-store-lattice-v1/lean-cbcl/.lake/build/ir/LeanCbcl/DeterministicUnion.setup.json --json",
   "level": "trace"}],
 "inputs":
 [["LeanCbcl.DeterministicUnion:deps",
   [["deps",
     [["«lean-cbcl»/LeanCbcl:extraDep",
       [["@«lean-cbcl»:extraDep", "00000000000006bb"]]],
      ["imports",
       [["LeanCbcl.SExpr transitive imports (legacy)", "00000000000006bb"],
        ["LeanCbcl.SExpr:importAllArts", "6c638a72099ce47a"],
        ["LeanCbcl.Message transitive imports (legacy)", "7877710d5e966e60"],
        ["LeanCbcl.Message:importAllArts", "e0d8c6bcd7ca2e07"],
        ["LeanCbcl.Dialect transitive imports (legacy)", "44934cd28904aebf"],
        ["LeanCbcl.Dialect:importAllArts", "05608596f59887d3"],
        ["LeanCbcl.Agent transitive imports (legacy)", "8710a822f5fb9cb4"],
        ["LeanCbcl.Agent:importAllArts", "84326ecd8f250aa2"],
        ["LeanCbcl.MessageParser transitive imports (legacy)",
         "a1ee940e98f7cf31"],
        ["LeanCbcl.MessageParser:importAllArts", "21c4bb35ccec1e57"],
        ["LeanCbcl.R3CorePreservation transitive imports (legacy)",
         "b1498556b7cb42a7"],
        ["LeanCbcl.R3CorePreservation:importAllArts", "40bb77346f8bcf3d"],
        ["LeanCbcl.DetParser transitive imports (legacy)", "7877710d5e966e60"],
        ["LeanCbcl.DetParser:importAllArts", "786dc6cd7bf015ba"]]]]],
    ["libs",
     [["import dynlibs", "00000000000006bb"],
      ["package external libraries", "00000000000006bb"],
      ["module dynlibs", "00000000000006bb"],
      ["module plugins", "00000000000006bb"]]]]],
  ["Lean 4.27.0, commit db93fe1608548721853390a10cd40580fe7d22ae",
   "9a2be90fd35343e5"],
  ["/Users/anuna-01/Code/worktrees/cbcl-rs/IMPL-005-store-lattice-v1/lean-cbcl/LeanCbcl/DeterministicUnion.lean",
   "3c03876e072d9a28"],
  ["options", "00000000000006bb"],
  ["Module.leanArgs: #[]", "00000000000006bb"]],
 "depHash": "194825b04bcc247d"}