{"synthetic": false,
 "schemaVersion": "2025-09-10",
 "outputs":
 {"o": ["f7517880b975bd91.olean"],
  "i": "85801d443f13c46c.ilean",
  "c": "03a56d6f3929b8fd.c"},
 "log":
 [{"message":
   ".> LEAN_PATH=/Users/anuna-01/Code/worktrees/cbcl-rs/IMPL-005-store-lattice-v1/lean-cbcl/.lake/build/lib/lean /Users/anuna-01/.elan/toolchains/leanprover--lean4---v4.27.0/bin/lean /Users/anuna-01/Code/worktrees/cbcl-rs/IMPL-005-store-lattice-v1/lean-cbcl/LeanCbcl/Dialect.lean -o /Users/anuna-01/Code/worktrees/cbcl-rs/IMPL-005-store-lattice-v1/lean-cbcl/.lake/build/lib/lean/LeanCbcl/Dialect.olean -i /Users/anuna-01/Code/worktrees/cbcl-rs/IMPL-005-store-lattice-v1/lean-cbcl/.lake/build/lib/lean/LeanCbcl/Dialect.ilean -c /Users/anuna-01/Code/worktrees/cbcl-rs/IMPL-005-store-lattice-v1/lean-cbcl/.lake/build/ir/LeanCbcl/Dialect.c --setup /Users/anuna-01/Code/worktrees/cbcl-rs/IMPL-005-store-lattice-v1/lean-cbcl/.lake/build/ir/LeanCbcl/Dialect.setup.json --json",
   "level": "trace"}],
 "inputs":
 [["LeanCbcl.Dialect:deps",
   [["deps",
     [["«lean-cbcl»/LeanCbcl:extraDep",
       [["@«lean-cbcl»:extraDep", "00000000000006bb"]]],
      ["imports",
       [["LeanCbcl.SExpr transitive imports (legacy)", "00000000000006bb"],
        ["LeanCbcl.SExpr:importAllArts", "6c638a72099ce47a"],
        ["LeanCbcl.Message transitive imports (legacy)", "7877710d5e966e60"],
        ["LeanCbcl.Message:importAllArts", "e0d8c6bcd7ca2e07"]]]]],
    ["libs",
     [["import dynlibs", "00000000000006bb"],
      ["package external libraries", "00000000000006bb"],
      ["module dynlibs", "00000000000006bb"],
      ["module plugins", "00000000000006bb"]]]]],
  ["Lean 4.27.0, commit db93fe1608548721853390a10cd40580fe7d22ae",
   "9a2be90fd35343e5"],
  ["/Users/anuna-01/Code/worktrees/cbcl-rs/IMPL-005-store-lattice-v1/lean-cbcl/LeanCbcl/Dialect.lean",
   "e9c8d838286547b5"],
  ["options", "00000000000006bb"],
  ["Module.leanArgs: #[]", "00000000000006bb"]],
 "depHash": "08be7576813c4979"}