{"synthetic": false,
 "schemaVersion": "2025-09-10",
 "outputs":
 {"o": ["00264e62967ea118.olean"],
  "i": "4199e82559f207bd.ilean",
  "c": "720aa716763d11aa.c"},
 "log":
 [{"message":
   ".> LEAN_PATH=/Users/anuna-01/Code/worktrees/cbcl-rs/IMPL-005-store-lattice-v1/lean-cbcl/.lake/build/lib/lean /Users/anuna-01/.elan/toolchains/leanprover--lean4---v4.27.0/bin/lean /Users/anuna-01/Code/worktrees/cbcl-rs/IMPL-005-store-lattice-v1/lean-cbcl/LeanCbcl/Pipeline.lean -o /Users/anuna-01/Code/worktrees/cbcl-rs/IMPL-005-store-lattice-v1/lean-cbcl/.lake/build/lib/lean/LeanCbcl/Pipeline.olean -i /Users/anuna-01/Code/worktrees/cbcl-rs/IMPL-005-store-lattice-v1/lean-cbcl/.lake/build/lib/lean/LeanCbcl/Pipeline.ilean -c /Users/anuna-01/Code/worktrees/cbcl-rs/IMPL-005-store-lattice-v1/lean-cbcl/.lake/build/ir/LeanCbcl/Pipeline.c --setup /Users/anuna-01/Code/worktrees/cbcl-rs/IMPL-005-store-lattice-v1/lean-cbcl/.lake/build/ir/LeanCbcl/Pipeline.setup.json --json",
   "level": "trace"}],
 "inputs":
 [["LeanCbcl.Pipeline:deps",
   [["deps",
     [["«lean-cbcl»/LeanCbcl:extraDep",
       [["@«lean-cbcl»:extraDep", "00000000000006bb"]]],
      ["imports",
       [["LeanCbcl.SExpr transitive imports (legacy)", "00000000000006bb"],
        ["LeanCbcl.SExpr:importAllArts", "6c638a72099ce47a"],
        ["LeanCbcl.Message transitive imports (legacy)", "7877710d5e966e60"],
        ["LeanCbcl.Message:importAllArts", "e0d8c6bcd7ca2e07"],
        ["LeanCbcl.Dialect transitive imports (legacy)", "44934cd28904aebf"],
        ["LeanCbcl.Dialect:importAllArts", "05608596f59887d3"],
        ["LeanCbcl.Agent transitive imports (legacy)", "8710a822f5fb9cb4"],
        ["LeanCbcl.Agent:importAllArts", "84326ecd8f250aa2"],
        ["LeanCbcl.Parser transitive imports (legacy)", "7877710d5e966e60"],
        ["LeanCbcl.Parser:importAllArts", "59d470081575e3f2"],
        ["LeanCbcl.Serializer transitive imports (legacy)", "7020acb082cd65b6"],
        ["LeanCbcl.Serializer:importAllArts", "bb588d4ea3bb770c"],
        ["LeanCbcl.MessageParser transitive imports (legacy)",
         "a1ee940e98f7cf31"],
        ["LeanCbcl.MessageParser:importAllArts", "21c4bb35ccec1e57"],
        ["LeanCbcl.PatternMatch transitive imports (legacy)",
         "44934cd28904aebf"],
        ["LeanCbcl.PatternMatch:importAllArts", "3e06dede2a871a2d"],
        ["LeanCbcl.DialectParser transitive imports (legacy)",
         "d78743a4ba15fd58"],
        ["LeanCbcl.DialectParser:importAllArts", "f47593fdb4115703"],
        ["LeanCbcl.R1NoRecursion transitive imports (legacy)",
         "d78743a4ba15fd58"],
        ["LeanCbcl.R1NoRecursion:importAllArts", "f38daf9e6d8f3f01"],
        ["LeanCbcl.R2ResourceBounds transitive imports (legacy)",
         "d78743a4ba15fd58"],
        ["LeanCbcl.R2ResourceBounds:importAllArts", "f7516506277e86fb"],
        ["LeanCbcl.R3CorePreservation transitive imports (legacy)",
         "b1498556b7cb42a7"],
        ["LeanCbcl.R3CorePreservation:importAllArts", "40bb77346f8bcf3d"]]]]],
    ["libs",
     [["import dynlibs", "00000000000006bb"],
      ["package external libraries", "00000000000006bb"],
      ["module dynlibs", "00000000000006bb"],
      ["module plugins", "00000000000006bb"]]]]],
  ["Lean 4.27.0, commit db93fe1608548721853390a10cd40580fe7d22ae",
   "9a2be90fd35343e5"],
  ["/Users/anuna-01/Code/worktrees/cbcl-rs/IMPL-005-store-lattice-v1/lean-cbcl/LeanCbcl/Pipeline.lean",
   "e3188dd5fcce4e99"],
  ["options", "00000000000006bb"],
  ["Module.leanArgs: #[]", "00000000000006bb"]],
 "depHash": "d8908de9e49394c4"}