{"synthetic": false,
 "schemaVersion": "2025-09-10",
 "outputs":
 {"o": ["9023f2ee02aa7fea.olean"],
  "i": "7409af6f8cb812cf.ilean",
  "c": "f0da17cc549666d3.c"},
 "log":
 [{"message":
   ".> LEAN_PATH=/Users/anuna-01/Code/worktrees/cbcl-rs/IMPL-005-store-lattice-v1/lean-cbcl/.lake/build/lib/lean /Users/anuna-01/.elan/toolchains/leanprover--lean4---v4.27.0/bin/lean /Users/anuna-01/Code/worktrees/cbcl-rs/IMPL-005-store-lattice-v1/lean-cbcl/LeanCbcl/R3CorePreservation.lean -o /Users/anuna-01/Code/worktrees/cbcl-rs/IMPL-005-store-lattice-v1/lean-cbcl/.lake/build/lib/lean/LeanCbcl/R3CorePreservation.olean -i /Users/anuna-01/Code/worktrees/cbcl-rs/IMPL-005-store-lattice-v1/lean-cbcl/.lake/build/lib/lean/LeanCbcl/R3CorePreservation.ilean -c /Users/anuna-01/Code/worktrees/cbcl-rs/IMPL-005-store-lattice-v1/lean-cbcl/.lake/build/ir/LeanCbcl/R3CorePreservation.c --setup /Users/anuna-01/Code/worktrees/cbcl-rs/IMPL-005-store-lattice-v1/lean-cbcl/.lake/build/ir/LeanCbcl/R3CorePreservation.setup.json --json",
   "level": "trace"}],
 "inputs":
 [["LeanCbcl.R3CorePreservation:deps",
   [["deps",
     [["«lean-cbcl»/LeanCbcl:extraDep",
       [["@«lean-cbcl»:extraDep", "00000000000006bb"]]],
      ["imports",
       [["LeanCbcl.SExpr transitive imports (legacy)", "00000000000006bb"],
        ["LeanCbcl.SExpr:importAllArts", "6c638a72099ce47a"],
        ["LeanCbcl.Message transitive imports (legacy)", "7877710d5e966e60"],
        ["LeanCbcl.Message:importAllArts", "e0d8c6bcd7ca2e07"],
        ["LeanCbcl.Dialect transitive imports (legacy)", "44934cd28904aebf"],
        ["LeanCbcl.Dialect:importAllArts", "05608596f59887d3"],
        ["LeanCbcl.Agent transitive imports (legacy)", "8710a822f5fb9cb4"],
        ["LeanCbcl.Agent:importAllArts", "84326ecd8f250aa2"]]]]],
    ["libs",
     [["import dynlibs", "00000000000006bb"],
      ["package external libraries", "00000000000006bb"],
      ["module dynlibs", "00000000000006bb"],
      ["module plugins", "00000000000006bb"]]]]],
  ["Lean 4.27.0, commit db93fe1608548721853390a10cd40580fe7d22ae",
   "9a2be90fd35343e5"],
  ["/Users/anuna-01/Code/worktrees/cbcl-rs/IMPL-005-store-lattice-v1/lean-cbcl/LeanCbcl/R3CorePreservation.lean",
   "bf1e80dc5aa86fa4"],
  ["options", "00000000000006bb"],
  ["Module.leanArgs: #[]", "00000000000006bb"]],
 "depHash": "cf3dcb9c61bef3a9"}