{"synthetic": false,
 "schemaVersion": "2025-09-10",
 "outputs":
 {"o": ["d7c60293fd338b9b.olean"],
  "i": "cdb053ba42976a3e.ilean",
  "c": "c145ec4ab6323cb1.c"},
 "log":
 [{"message":
   ".> LEAN_PATH=/Users/anuna-01/Code/worktrees/cbcl-rs/IMPL-005-store-lattice-v1/lean-cbcl/.lake/build/lib/lean /Users/anuna-01/.elan/toolchains/leanprover--lean4---v4.27.0/bin/lean /Users/anuna-01/Code/worktrees/cbcl-rs/IMPL-005-store-lattice-v1/lean-cbcl/LeanCbcl/Serializer.lean -o /Users/anuna-01/Code/worktrees/cbcl-rs/IMPL-005-store-lattice-v1/lean-cbcl/.lake/build/lib/lean/LeanCbcl/Serializer.olean -i /Users/anuna-01/Code/worktrees/cbcl-rs/IMPL-005-store-lattice-v1/lean-cbcl/.lake/build/lib/lean/LeanCbcl/Serializer.ilean -c /Users/anuna-01/Code/worktrees/cbcl-rs/IMPL-005-store-lattice-v1/lean-cbcl/.lake/build/ir/LeanCbcl/Serializer.c --setup /Users/anuna-01/Code/worktrees/cbcl-rs/IMPL-005-store-lattice-v1/lean-cbcl/.lake/build/ir/LeanCbcl/Serializer.setup.json --json",
   "level": "trace"}],
 "inputs":
 [["LeanCbcl.Serializer:deps",
   [["deps",
     [["«lean-cbcl»/LeanCbcl:extraDep",
       [["@«lean-cbcl»:extraDep", "00000000000006bb"]]],
      ["imports",
       [["LeanCbcl.SExpr transitive imports (legacy)", "00000000000006bb"],
        ["LeanCbcl.SExpr:importAllArts", "6c638a72099ce47a"],
        ["LeanCbcl.Parser transitive imports (legacy)", "7877710d5e966e60"],
        ["LeanCbcl.Parser:importAllArts", "59d470081575e3f2"]]]]],
    ["libs",
     [["import dynlibs", "00000000000006bb"],
      ["package external libraries", "00000000000006bb"],
      ["module dynlibs", "00000000000006bb"],
      ["module plugins", "00000000000006bb"]]]]],
  ["Lean 4.27.0, commit db93fe1608548721853390a10cd40580fe7d22ae",
   "9a2be90fd35343e5"],
  ["/Users/anuna-01/Code/worktrees/cbcl-rs/IMPL-005-store-lattice-v1/lean-cbcl/LeanCbcl/Serializer.lean",
   "d793bd95f9a9bdd2"],
  ["options", "00000000000006bb"],
  ["Module.leanArgs: #[]", "00000000000006bb"]],
 "depHash": "4330f45e67b8c293"}